Archive member included to satisfy reference by file (symbol)

/usr/bin/gcc-arm-none-eabi-7-2017-q4-major/bin/../lib/gcc/arm-none-eabi/7.2.1/../../../../arm-none-eabi/lib/thumb/v7-m/libc_nano.a(lib_a-assert.o)
                              build/uavcan.o (__assert_func)
/usr/bin/gcc-arm-none-eabi-7-2017-q4-major/bin/../lib/gcc/arm-none-eabi/7.2.1/../../../../arm-none-eabi/lib/thumb/v7-m/libc_nano.a(lib_a-exit.o)
                              /usr/bin/gcc-arm-none-eabi-7-2017-q4-major/bin/../lib/gcc/arm-none-eabi/7.2.1/../../../../arm-none-eabi/lib/thumb/v7-m/crt0.o (exit)
/usr/bin/gcc-arm-none-eabi-7-2017-q4-major/bin/../lib/gcc/arm-none-eabi/7.2.1/../../../../arm-none-eabi/lib/thumb/v7-m/libc_nano.a(lib_a-fprintf.o)
                              /usr/bin/gcc-arm-none-eabi-7-2017-q4-major/bin/../lib/gcc/arm-none-eabi/7.2.1/../../../../arm-none-eabi/lib/thumb/v7-m/libc_nano.a(lib_a-assert.o) (fiprintf)
/usr/bin/gcc-arm-none-eabi-7-2017-q4-major/bin/../lib/gcc/arm-none-eabi/7.2.1/../../../../arm-none-eabi/lib/thumb/v7-m/libc_nano.a(lib_a-impure.o)
                              /usr/bin/gcc-arm-none-eabi-7-2017-q4-major/bin/../lib/gcc/arm-none-eabi/7.2.1/../../../../arm-none-eabi/lib/thumb/v7-m/libc_nano.a(lib_a-exit.o) (_global_impure_ptr)
/usr/bin/gcc-arm-none-eabi-7-2017-q4-major/bin/../lib/gcc/arm-none-eabi/7.2.1/../../../../arm-none-eabi/lib/thumb/v7-m/libc_nano.a(lib_a-init.o)
                              /usr/bin/gcc-arm-none-eabi-7-2017-q4-major/bin/../lib/gcc/arm-none-eabi/7.2.1/../../../../arm-none-eabi/lib/thumb/v7-m/crt0.o (__libc_init_array)
/usr/bin/gcc-arm-none-eabi-7-2017-q4-major/bin/../lib/gcc/arm-none-eabi/7.2.1/../../../../arm-none-eabi/lib/thumb/v7-m/libc_nano.a(lib_a-memcpy-stub.o)
                              build/uavcan.o (memcpy)
/usr/bin/gcc-arm-none-eabi-7-2017-q4-major/bin/../lib/gcc/arm-none-eabi/7.2.1/../../../../arm-none-eabi/lib/thumb/v7-m/libc_nano.a(lib_a-memset.o)
                              /usr/bin/gcc-arm-none-eabi-7-2017-q4-major/bin/../lib/gcc/arm-none-eabi/7.2.1/../../../../arm-none-eabi/lib/thumb/v7-m/crt0.o (memset)
/usr/bin/gcc-arm-none-eabi-7-2017-q4-major/bin/../lib/gcc/arm-none-eabi/7.2.1/../../../../arm-none-eabi/lib/thumb/v7-m/libc_nano.a(lib_a-nano-vfprintf.o)
                              /usr/bin/gcc-arm-none-eabi-7-2017-q4-major/bin/../lib/gcc/arm-none-eabi/7.2.1/../../../../arm-none-eabi/lib/thumb/v7-m/libc_nano.a(lib_a-fprintf.o) (_vfprintf_r)
/usr/bin/gcc-arm-none-eabi-7-2017-q4-major/bin/../lib/gcc/arm-none-eabi/7.2.1/../../../../arm-none-eabi/lib/thumb/v7-m/libc_nano.a(lib_a-nano-vfprintf_i.o)
                              /usr/bin/gcc-arm-none-eabi-7-2017-q4-major/bin/../lib/gcc/arm-none-eabi/7.2.1/../../../../arm-none-eabi/lib/thumb/v7-m/libc_nano.a(lib_a-nano-vfprintf.o) (_printf_i)
/usr/bin/gcc-arm-none-eabi-7-2017-q4-major/bin/../lib/gcc/arm-none-eabi/7.2.1/../../../../arm-none-eabi/lib/thumb/v7-m/libc_nano.a(lib_a-strlen.o)
                              build/uavcan.o (strlen)
/usr/bin/gcc-arm-none-eabi-7-2017-q4-major/bin/../lib/gcc/arm-none-eabi/7.2.1/../../../../arm-none-eabi/lib/thumb/v7-m/libc_nano.a(lib_a-strncmp.o)
                              build/uavcan.o (strncmp)
/usr/bin/gcc-arm-none-eabi-7-2017-q4-major/bin/../lib/gcc/arm-none-eabi/7.2.1/../../../../arm-none-eabi/lib/thumb/v7-m/libc_nano.a(lib_a-wbuf.o)
                              /usr/bin/gcc-arm-none-eabi-7-2017-q4-major/bin/../lib/gcc/arm-none-eabi/7.2.1/../../../../arm-none-eabi/lib/thumb/v7-m/libc_nano.a(lib_a-nano-vfprintf.o) (__swbuf_r)
/usr/bin/gcc-arm-none-eabi-7-2017-q4-major/bin/../lib/gcc/arm-none-eabi/7.2.1/../../../../arm-none-eabi/lib/thumb/v7-m/libc_nano.a(lib_a-wsetup.o)
                              /usr/bin/gcc-arm-none-eabi-7-2017-q4-major/bin/../lib/gcc/arm-none-eabi/7.2.1/../../../../arm-none-eabi/lib/thumb/v7-m/libc_nano.a(lib_a-nano-vfprintf.o) (__swsetup_r)
/usr/bin/gcc-arm-none-eabi-7-2017-q4-major/bin/../lib/gcc/arm-none-eabi/7.2.1/../../../../arm-none-eabi/lib/thumb/v7-m/libc_nano.a(lib_a-abort.o)
                              /usr/bin/gcc-arm-none-eabi-7-2017-q4-major/bin/../lib/gcc/arm-none-eabi/7.2.1/../../../../arm-none-eabi/lib/thumb/v7-m/libc_nano.a(lib_a-assert.o) (abort)
/usr/bin/gcc-arm-none-eabi-7-2017-q4-major/bin/../lib/gcc/arm-none-eabi/7.2.1/../../../../arm-none-eabi/lib/thumb/v7-m/libc_nano.a(lib_a-fflush.o)
                              /usr/bin/gcc-arm-none-eabi-7-2017-q4-major/bin/../lib/gcc/arm-none-eabi/7.2.1/../../../../arm-none-eabi/lib/thumb/v7-m/libc_nano.a(lib_a-wbuf.o) (_fflush_r)
/usr/bin/gcc-arm-none-eabi-7-2017-q4-major/bin/../lib/gcc/arm-none-eabi/7.2.1/../../../../arm-none-eabi/lib/thumb/v7-m/libc_nano.a(lib_a-findfp.o)
                              /usr/bin/gcc-arm-none-eabi-7-2017-q4-major/bin/../lib/gcc/arm-none-eabi/7.2.1/../../../../arm-none-eabi/lib/thumb/v7-m/libc_nano.a(lib_a-nano-vfprintf.o) (__sinit)
[...]
Memory Configuration

Name             Origin             Length             Attributes
RAM              0x0000000020000000 0x0000000000005000 xrw
FLASH            0x0000000008000000 0x0000000000010000 xr
*default*        0x0000000000000000 0xffffffffffffffff

Linker script and memory map

LOAD /usr/bin/gcc-arm-none-eabi-7-2017-q4-major/bin/../lib/gcc/arm-none-eabi/7.2.1/thumb/v7-m/crti.o
LOAD /usr/bin/gcc-arm-none-eabi-7-2017-q4-major/bin/../lib/gcc/arm-none-eabi/7.2.1/thumb/v7-m/crtbegin.o
LOAD /usr/bin/gcc-arm-none-eabi-7-2017-q4-major/bin/../lib/gcc/arm-none-eabi/7.2.1/../../../../arm-none-eabi/lib/thumb/v7-m/crt0.o
LOAD build/main.o
LOAD build/gpio.o
LOAD build/can.o
LOAD build/tim.o
LOAD build/usart.o
LOAD build/stm32f1xx_it.o
LOAD build/stm32f1xx_hal_msp.o
LOAD build/stm32f1xx_hal_gpio_ex.o
LOAD build/stm32f1xx_hal_can.o
LOAD build/stm32f1xx_hal_tim.o
LOAD build/stm32f1xx_hal_tim_ex.o
LOAD build/stm32f1xx_hal_uart.o
LOAD build/stm32f1xx_hal.o
LOAD build/stm32f1xx_hal_rcc.o
LOAD build/stm32f1xx_hal_rcc_ex.o
LOAD build/stm32f1xx_hal_gpio.o
LOAD build/stm32f1xx_hal_dma.o
LOAD build/stm32f1xx_hal_cortex.o
LOAD build/stm32f1xx_hal_pwr.o
LOAD build/stm32f1xx_hal_flash.o
LOAD build/stm32f1xx_hal_flash_ex.o
LOAD build/system_stm32f1xx.o
LOAD build/uavcan.o
LOAD build/internalflash.o
LOAD build/canard.o
LOAD build/canard_stm32.o
LOAD build/startup_stm32f103xb.o
LOAD /usr/bin/gcc-arm-none-eabi-7-2017-q4-major/bin/../lib/gcc/arm-none-eabi/7.2.1/../../../../arm-none-eabi/lib/thumb/v7-m/libc_nano.a
LOAD /usr/bin/gcc-arm-none-eabi-7-2017-q4-major/bin/../lib/gcc/arm-none-eabi/7.2.1/../../../../arm-none-eabi/lib/thumb/v7-m/libm.a
LOAD /usr/bin/gcc-arm-none-eabi-7-2017-q4-major/bin/../lib/gcc/arm-none-eabi/7.2.1/../../../../arm-none-eabi/lib/thumb/v7-m/libnosys.a
START GROUP
LOAD /usr/bin/gcc-arm-none-eabi-7-2017-q4-major/bin/../lib/gcc/arm-none-eabi/7.2.1/thumb/v7-m/libgcc.a
LOAD /usr/bin/gcc-arm-none-eabi-7-2017-q4-major/bin/../lib/gcc/arm-none-eabi/7.2.1/../../../../arm-none-eabi/lib/thumb/v7-m/libc_nano.a
END GROUP
START GROUP
LOAD /usr/bin/gcc-arm-none-eabi-7-2017-q4-major/bin/../lib/gcc/arm-none-eabi/7.2.1/thumb/v7-m/libgcc.a
LOAD /usr/bin/gcc-arm-none-eabi-7-2017-q4-major/bin/../lib/gcc/arm-none-eabi/7.2.1/../../../../arm-none-eabi/lib/thumb/v7-m/libc_nano.a
END GROUP
LOAD /usr/bin/gcc-arm-none-eabi-7-2017-q4-major/bin/../lib/gcc/arm-none-eabi/7.2.1/thumb/v7-m/crtend.o
LOAD /usr/bin/gcc-arm-none-eabi-7-2017-q4-major/bin/../lib/gcc/arm-none-eabi/7.2.1/thumb/v7-m/crtn.o
                0x0000000020005000                _estack = 0x20005000
                0x0000000000000200                _Min_Heap_Size = 0x200
                0x0000000000000400                _Min_Stack_Size = 0x400

.isr_vector     0x0000000008000000      0x10c
                0x0000000008000000                . = ALIGN (0x4)
 *(.isr_vector)
 .isr_vector    0x0000000008000000      0x10c build/startup_stm32f103xb.o
                0x0000000008000000                g_pfnVectors
                0x000000000800010c                . = ALIGN (0x4)

.text           0x0000000008000110     0x48bc
                0x0000000008000110                . = ALIGN (0x4)
 *(.text)
 .text          0x0000000008000110       0x40 /usr/bin/gcc-arm-none-eabi-7-2017-q4-major/bin/../lib/gcc/arm-none-eabi/7.2.1/thumb/v7-m/crtbegin.o
 .text          0x0000000008000150       0x10 /usr/bin/gcc-arm-none-eabi-7-2017-q4-major/bin/../lib/gcc/arm-none-eabi/7.2.1/../../../../arm-none-eabi/lib/thumb/v7-m/libc_nano.a(lib_a-strlen.o)
                0x0000000008000150                strlen
 *(.text*)
 .text._Error_Handler
                0x0000000008000160        0x2 build/main.o
                0x0000000008000160                _Error_Handler
 *fill*         0x0000000008000162        0x2 
 .text.SystemClock_Config
                0x0000000008000164       0x84 build/main.o
                0x0000000008000164                SystemClock_Config
 .text.main     0x00000000080001e8       0x3c build/main.o
                0x00000000080001e8                main
 .text.MX_GPIO_Init
                0x0000000008000224       0x6c build/gpio.o
                0x0000000008000224                MX_GPIO_Init
 .text.MX_CAN_Init
                0x0000000008000290       0x40 build/can.o
                0x0000000008000290                MX_CAN_Init
 .text.HAL_CAN_MspInit
                0x00000000080002d0       0x5c build/can.o
                0x00000000080002d0                HAL_CAN_MspInit
 .text.HAL_TIM_PWM_MspInit
                0x000000000800032c       0x2c build/tim.o
                0x000000000800032c                HAL_TIM_PWM_MspInit
 .text.HAL_TIM_MspPostInit
                0x0000000008000358       0x2c build/tim.o
                0x0000000008000358                HAL_TIM_MspPostInit
 .text.MX_TIM3_Init
                0x0000000008000384       0x80 build/tim.o
                0x0000000008000384                MX_TIM3_Init
 .text.MX_USART1_UART_Init
                0x0000000008000404       0x3c build/usart.o
                0x0000000008000404                MX_USART1_UART_Init
 .text.HAL_UART_MspInit
                0x0000000008000440       0x5c build/usart.o
                0x0000000008000440                HAL_UART_MspInit
 .text.NMI_Handler
                0x000000000800049c        0x2 build/stm32f1xx_it.o
                0x000000000800049c                NMI_Handler
 .text.HardFault_Handler
                0x000000000800049e        0x2 build/stm32f1xx_it.o
                0x000000000800049e                HardFault_Handler
 .text.MemManage_Handler
                0x00000000080004a0        0x2 build/stm32f1xx_it.o
                0x00000000080004a0                MemManage_Handler
 .text.BusFault_Handler
                0x00000000080004a2        0x2 build/stm32f1xx_it.o
                0x00000000080004a2                BusFault_Handler
 .text.UsageFault_Handler
                0x00000000080004a4        0x2 build/stm32f1xx_it.o
                0x00000000080004a4                UsageFault_Handler
 .text.SVC_Handler
                0x00000000080004a6        0x2 build/stm32f1xx_it.o
                0x00000000080004a6                SVC_Handler
 .text.DebugMon_Handler
                0x00000000080004a8        0x2 build/stm32f1xx_it.o
                0x00000000080004a8                DebugMon_Handler
 .text.PendSV_Handler
                0x00000000080004aa        0x2 build/stm32f1xx_it.o
                0x00000000080004aa                PendSV_Handler
 .text.SysTick_Handler
                0x00000000080004ac        0xc build/stm32f1xx_it.o
                0x00000000080004ac                SysTick_Handler
 .text.HAL_MspInit
                0x00000000080004b8       0xa0 build/stm32f1xx_hal_msp.o
                0x00000000080004b8                HAL_MspInit
 .text.HAL_CAN_Init
                0x0000000008000558      0x136 build/stm32f1xx_hal_can.o
                0x0000000008000558                HAL_CAN_Init
 *fill*         0x000000000800068e        0x2 
 .text.TIM_OC1_SetConfig
                0x0000000008000690       0x5c build/stm32f1xx_hal_tim.o
 .text.TIM_OC3_SetConfig
                0x00000000080006ec       0x64 build/stm32f1xx_hal_tim.o
 .text.TIM_OC4_SetConfig
                0x0000000008000750       0x48 build/stm32f1xx_hal_tim.o
 .text.TIM_Base_SetConfig
                0x0000000008000798       0x74 build/stm32f1xx_hal_tim.o
                0x0000000008000798                TIM_Base_SetConfig
 .text.HAL_TIM_PWM_Init
                0x000000000800080c       0x32 build/stm32f1xx_hal_tim.o
                0x000000000800080c                HAL_TIM_PWM_Init
 *fill*         0x000000000800083e        0x2 
 .text.TIM_OC2_SetConfig
                0x0000000008000840       0x64 build/stm32f1xx_hal_tim.o
                0x0000000008000840                TIM_OC2_SetConfig
 .text.HAL_TIM_PWM_ConfigChannel
                0x00000000080008a4       0xdc build/stm32f1xx_hal_tim.o
                0x00000000080008a4                HAL_TIM_PWM_ConfigChannel
 .text.TIM_CCxChannelCmd
                0x0000000008000980       0x1c build/stm32f1xx_hal_tim.o
                0x0000000008000980                TIM_CCxChannelCmd
 .text.HAL_TIM_PWM_Start
                0x000000000800099c       0x30 build/stm32f1xx_hal_tim.o
                0x000000000800099c                HAL_TIM_PWM_Start
 .text.HAL_TIMEx_MasterConfigSynchronization
                0x00000000080009cc       0x52 build/stm32f1xx_hal_tim_ex.o
                0x00000000080009cc                HAL_TIMEx_MasterConfigSynchronization
 *fill*         0x0000000008000a1e        0x2 
 .text.UART_SetConfig
                0x0000000008000a20      0x1ac build/stm32f1xx_hal_uart.o
 .text.UART_WaitOnFlagUntilTimeout
                0x0000000008000bcc       0x62 build/stm32f1xx_hal_uart.o
 .text.HAL_UART_Init
                0x0000000008000c2e       0x5e build/stm32f1xx_hal_uart.o
                0x0000000008000c2e                HAL_UART_Init
 .text.HAL_UART_Transmit
                0x0000000008000c8c       0xe0 build/stm32f1xx_hal_uart.o
                0x0000000008000c8c                HAL_UART_Transmit
 .text.HAL_InitTick
                0x0000000008000d6c       0x4c build/stm32f1xx_hal.o
                0x0000000008000d6c                HAL_InitTick
 .text.HAL_Init
                0x0000000008000db8       0x24 build/stm32f1xx_hal.o
                0x0000000008000db8                HAL_Init
 .text.HAL_IncTick
                0x0000000008000ddc       0x18 build/stm32f1xx_hal.o
                0x0000000008000ddc                HAL_IncTick
 .text.HAL_GetTick
                0x0000000008000df4        0xc build/stm32f1xx_hal.o
                0x0000000008000df4                HAL_GetTick
 .text.RCC_Delay
                0x0000000008000e00       0x2c build/stm32f1xx_hal_rcc.o
 .text.HAL_RCC_OscConfig
                0x0000000008000e2c      0x3dc build/stm32f1xx_hal_rcc.o
                0x0000000008000e2c                HAL_RCC_OscConfig
 .text.HAL_RCC_GetSysClockFreq
                0x0000000008001208       0x70 build/stm32f1xx_hal_rcc.o
                0x0000000008001208                HAL_RCC_GetSysClockFreq
 .text.HAL_RCC_ClockConfig
                0x0000000008001278      0x178 build/stm32f1xx_hal_rcc.o
                0x0000000008001278                HAL_RCC_ClockConfig
 .text.HAL_RCC_GetHCLKFreq
                0x00000000080013f0        0xc build/stm32f1xx_hal_rcc.o
                0x00000000080013f0                HAL_RCC_GetHCLKFreq
 .text.HAL_RCC_GetPCLK1Freq
                0x00000000080013fc       0x20 build/stm32f1xx_hal_rcc.o
                0x00000000080013fc                HAL_RCC_GetPCLK1Freq
 .text.HAL_RCC_GetPCLK2Freq
                0x000000000800141c       0x20 build/stm32f1xx_hal_rcc.o
                0x000000000800141c                HAL_RCC_GetPCLK2Freq
 .text.HAL_GPIO_Init
                0x000000000800143c      0x1d4 build/stm32f1xx_hal_gpio.o
                0x000000000800143c                HAL_GPIO_Init
 .text.HAL_GPIO_WritePin
                0x0000000008001610        0xc build/stm32f1xx_hal_gpio.o
                0x0000000008001610                HAL_GPIO_WritePin
 .text.HAL_GPIO_TogglePin
                0x000000000800161c        0x8 build/stm32f1xx_hal_gpio.o
                0x000000000800161c                HAL_GPIO_TogglePin
 .text.HAL_NVIC_SetPriorityGrouping
                0x0000000008001624       0x24 build/stm32f1xx_hal_cortex.o
                0x0000000008001624                HAL_NVIC_SetPriorityGrouping
 .text.HAL_NVIC_SetPriority
                0x0000000008001648       0x68 build/stm32f1xx_hal_cortex.o
                0x0000000008001648                HAL_NVIC_SetPriority
 .text.HAL_SYSTICK_Config
                0x00000000080016b0       0x2c build/stm32f1xx_hal_cortex.o
                0x00000000080016b0                HAL_SYSTICK_Config
 .text.HAL_SYSTICK_CLKSourceConfig
                0x00000000080016dc       0x20 build/stm32f1xx_hal_cortex.o
                0x00000000080016dc                HAL_SYSTICK_CLKSourceConfig
 .text.HAL_SYSTICK_Callback
                0x00000000080016fc        0x2 build/stm32f1xx_hal_cortex.o
                0x00000000080016fc                HAL_SYSTICK_Callback
 .text.HAL_SYSTICK_IRQHandler
                0x00000000080016fe        0x8 build/stm32f1xx_hal_cortex.o
                0x00000000080016fe                HAL_SYSTICK_IRQHandler
 *fill*         0x0000000008001706        0x2 
 .text.FLASH_Program_HalfWord
                0x0000000008001708       0x1c build/stm32f1xx_hal_flash.o
 .text.FLASH_SetErrorCode
                0x0000000008001724       0x74 build/stm32f1xx_hal_flash.o
 .text.HAL_FLASH_Unlock
                0x0000000008001798       0x34 build/stm32f1xx_hal_flash.o
                0x0000000008001798                HAL_FLASH_Unlock
 .text.HAL_FLASH_Lock
                0x00000000080017cc       0x14 build/stm32f1xx_hal_flash.o
                0x00000000080017cc                HAL_FLASH_Lock
 .text.FLASH_WaitForLastOperation
                0x00000000080017e0       0x6c build/stm32f1xx_hal_flash.o
                0x00000000080017e0                FLASH_WaitForLastOperation
 .text.HAL_FLASH_Program
                0x000000000800184c       0x9c build/stm32f1xx_hal_flash.o
                0x000000000800184c                HAL_FLASH_Program
 .text.FLASH_MassErase
                0x00000000080018e8       0x24 build/stm32f1xx_hal_flash_ex.o
 .text.FLASH_PageErase
                0x000000000800190c       0x24 build/stm32f1xx_hal_flash_ex.o
                0x000000000800190c                FLASH_PageErase
 .text.HAL_FLASHEx_Erase
                0x0000000008001930       0xa4 build/stm32f1xx_hal_flash_ex.o
                0x0000000008001930                HAL_FLASHEx_Erase
 .text.SystemInit
                0x00000000080019d4       0x4c build/system_stm32f1xx.o
                0x00000000080019d4                SystemInit
 .text.shouldAcceptTransfer
                0x0000000008001a20       0x60 build/uavcan.o
                0x0000000008001a20                shouldAcceptTransfer
 .text.sendCanard
                0x0000000008001a80       0x30 build/uavcan.o
                0x0000000008001a80                sendCanard
 .text.makeNodeStatusMessage
                0x0000000008001ab0       0x58 build/uavcan.o
                0x0000000008001ab0                makeNodeStatusMessage
 .text.spinCanard
                0x0000000008001b08       0x64 build/uavcan.o
                0x0000000008001b08                spinCanard
 .text.readUniqueID
                0x0000000008001b6c       0x10 build/uavcan.o
                0x0000000008001b6c                readUniqueID
 .text.makeNodeInfoMessage
                0x0000000008001b7c       0x68 build/uavcan.o
                0x0000000008001b7c                makeNodeInfoMessage
 *fill*         0x0000000008001be4        0x4 
 .text.getNodeInfoHandleCanard
                0x0000000008001be8       0x4c build/uavcan.o
                0x0000000008001be8                getNodeInfoHandleCanard
 .text.pwmUpdate
                0x0000000008001c34       0x14 build/uavcan.o
                0x0000000008001c34                pwmUpdate
 .text.rawcmdHandleCanard
                0x0000000008001c48       0x4c build/uavcan.o
                0x0000000008001c48                rawcmdHandleCanard
 .text.encodeParamCanard
                0x0000000008001c94      0x142 build/uavcan.o
                0x0000000008001c94                encodeParamCanard
 *fill*         0x0000000008001dd6        0x2 
 .text.parametersLoad
                0x0000000008001dd8       0x40 build/uavcan.o
                0x0000000008001dd8                parametersLoad
 .text.parametersSave
                0x0000000008001e18       0x30 build/uavcan.o
                0x0000000008001e18                parametersSave
 .text.getsetHandleCanard
                0x0000000008001e48      0x168 build/uavcan.o
                0x0000000008001e48                getsetHandleCanard
 .text.onTransferReceived
                0x0000000008001fb0       0x3a build/uavcan.o
                0x0000000008001fb0                onTransferReceived
 *fill*         0x0000000008001fea        0x2 
 .text.parameterCheck
                0x0000000008001fec       0x74 build/uavcan.o
                0x0000000008001fec                parameterCheck
 .text.uavcanInit
                0x0000000008002060      0x170 build/uavcan.o
                0x0000000008002060                uavcanInit
 .text.signalTag
                0x00000000080021d0       0x6c build/uavcan.o
                0x00000000080021d0                signalTag
 .text.receiveCanard
                0x000000000800223c       0x3c build/uavcan.o
                0x000000000800223c                receiveCanard
 .text.led      0x0000000008002278       0x44 build/uavcan.o
                0x0000000008002278                led
 .text.StmFlashReadHalfword
                0x00000000080022bc        0x4 build/internalflash.o
                0x00000000080022bc                StmFlashReadHalfword
 .text.StmFlashWrite
                0x00000000080022c0       0x4c build/internalflash.o
                0x00000000080022c0                StmFlashWrite
 .text.StmFlashRead
                0x000000000800230c       0x20 build/internalflash.o
                0x000000000800230c                StmFlashRead
 .text.computeTransferIDForwardDistance
                0x000000000800232c       0x12 build/canard.o
 .text.isPriorityHigher
                0x000000000800233e       0x50 build/canard.o
 .text.extractTransferType
                0x000000000800238e       0x18 build/canard.o
 .text.extractDataType
                0x00000000080023a6       0x22 build/canard.o
 .text.findRxState
                0x00000000080023c8        0xe build/canard.o
 .text.isBigEndian
                0x00000000080023d6        0x4 build/canard.o
 .text.crcAddByte
                0x00000000080023da       0x2a build/canard.o
 .text.crcAddSignature
                0x0000000008002404       0x32 build/canard.o
 .text.crcAdd   0x0000000008002436       0x18 build/canard.o
 .text.initPoolAllocator
                0x000000000800244e       0x24 build/canard.o
 .text.allocateBlock
                0x0000000008002472       0x20 build/canard.o
 .text.createBufferBlock
                0x0000000008002492       0x12 build/canard.o
 .text.bufferBlockPushBytes
                0x00000000080024a4      0x118 build/canard.o
 .text.pushTxQueue
                0x00000000080025bc       0x78 build/canard.o
 .text.incrementTransferID
                0x0000000008002634       0x30 build/canard.o
 .text.freeBlock
                0x0000000008002664       0x2c build/canard.o
 .text.releaseStatePayload
                0x0000000008002690       0x28 build/canard.o
 .text.prepareForNextTransfer
                0x00000000080026b8       0x44 build/canard.o
 .text.copyBitArray
                0x00000000080026fc       0x94 build/canard.o
 .text.descatterTransferPayload
                0x0000000008002790      0x228 build/canard.o
 .text.swapByteOrder
                0x00000000080029b8       0x38 build/canard.o
 .text.createTxItem
                0x00000000080029f0       0x1a build/canard.o
 *fill*         0x0000000008002a0a        0x2 
 .text.enqueueTxFrames
                0x0000000008002a0c      0x140 build/canard.o
 .text.createRxState
                0x0000000008002b4c       0x3a build/canard.o
 .text.prependRxState
                0x0000000008002b86       0x18 build/canard.o
 .text.traverseRxStates
                0x0000000008002b9e       0x34 build/canard.o
 *fill*         0x0000000008002bd2        0x2 
 .text.canardInit
                0x0000000008002bd4       0x50 build/canard.o
                0x0000000008002bd4                canardInit
 .text.canardSetLocalNodeID
                0x0000000008002c24       0x3c build/canard.o
                0x0000000008002c24                canardSetLocalNodeID
 .text.canardGetLocalNodeID
                0x0000000008002c60        0x4 build/canard.o
                0x0000000008002c60                canardGetLocalNodeID
 .text.canardBroadcast
                0x0000000008002c64       0xc6 build/canard.o
                0x0000000008002c64                canardBroadcast
 .text.canardRequestOrRespond
                0x0000000008002d2a       0x9c build/canard.o
                0x0000000008002d2a                canardRequestOrRespond
 .text.canardPeekTxQueue
                0x0000000008002dc6        0xc build/canard.o
                0x0000000008002dc6                canardPeekTxQueue
 .text.canardPopTxQueue
                0x0000000008002dd2       0x10 build/canard.o
                0x0000000008002dd2                canardPopTxQueue
 *fill*         0x0000000008002de2        0x2 
 .text.canardDecodeScalar
                0x0000000008002de4      0x280 build/canard.o
                0x0000000008002de4                canardDecodeScalar
 .text.canardEncodeScalar
                0x0000000008003064       0xe4 build/canard.o
                0x0000000008003064                canardEncodeScalar
 .text.canardReleaseRxTransferPayload
                0x0000000008003148       0x26 build/canard.o
                0x0000000008003148                canardReleaseRxTransferPayload
 *fill*         0x000000000800316e        0x2 
 .text.canardHandleRxFrame
                0x0000000008003170      0x3ac build/canard.o
                0x0000000008003170                canardHandleRxFrame
 .text.isFramePriorityHigher
                0x000000000800351c       0x50 build/canard_stm32.o
 .text.convertFrameIDCanardToRegister
                0x000000000800356c       0x1a build/canard_stm32.o
 .text.convertFrameIDRegisterToCanard
                0x0000000008003586       0x1e build/canard_stm32.o
 .text.waitMSRINAKBitStateChange
                0x00000000080035a4       0x22 build/canard_stm32.o
 *fill*         0x00000000080035c6        0x2 
 .text.processErrorStatus
                0x00000000080035c8       0x54 build/canard_stm32.o
 .text.canardSTM32Init
                0x000000000800361c      0x1c8 build/canard_stm32.o
                0x000000000800361c                canardSTM32Init
 .text.canardSTM32Transmit
                0x00000000080037e4      0x114 build/canard_stm32.o
                0x00000000080037e4                canardSTM32Transmit
 .text.canardSTM32Receive
                0x00000000080038f8       0xa0 build/canard_stm32.o
                0x00000000080038f8                canardSTM32Receive
 .text.Reset_Handler
                0x0000000008003998       0x48 build/startup_stm32f103xb.o
                0x0000000008003998                Reset_Handler
 .text.Default_Handler
                0x00000000080039e0        0x2 build/startup_stm32f103xb.o
                0x00000000080039e0                RTC_Alarm_IRQHandler
                0x00000000080039e0                EXTI2_IRQHandler
                0x00000000080039e0                TIM1_CC_IRQHandler
                0x00000000080039e0                PVD_IRQHandler
                0x00000000080039e0                EXTI3_IRQHandler
                0x00000000080039e0                EXTI0_IRQHandler
                0x00000000080039e0                I2C2_EV_IRQHandler
                0x00000000080039e0                ADC1_2_IRQHandler
                0x00000000080039e0                SPI1_IRQHandler
                0x00000000080039e0                TAMPER_IRQHandler
                0x00000000080039e0                DMA1_Channel4_IRQHandler
                0x00000000080039e0                USART3_IRQHandler
                0x00000000080039e0                RTC_IRQHandler
                0x00000000080039e0                DMA1_Channel7_IRQHandler
                0x00000000080039e0                CAN1_RX1_IRQHandler
                0x00000000080039e0                TIM4_IRQHandler
                0x00000000080039e0                I2C1_EV_IRQHandler
                0x00000000080039e0                DMA1_Channel6_IRQHandler
                0x00000000080039e0                TIM3_IRQHandler
                0x00000000080039e0                RCC_IRQHandler
                0x00000000080039e0                TIM1_TRG_COM_IRQHandler
                0x00000000080039e0                DMA1_Channel1_IRQHandler
                0x00000000080039e0                Default_Handler
                0x00000000080039e0                EXTI15_10_IRQHandler
                0x00000000080039e0                EXTI9_5_IRQHandler
                0x00000000080039e0                SPI2_IRQHandler
                0x00000000080039e0                DMA1_Channel5_IRQHandler
                0x00000000080039e0                EXTI4_IRQHandler
                0x00000000080039e0                USB_LP_CAN1_RX0_IRQHandler
                0x00000000080039e0                USB_HP_CAN1_TX_IRQHandler
                0x00000000080039e0                DMA1_Channel3_IRQHandler
                0x00000000080039e0                TIM1_UP_IRQHandler
                0x00000000080039e0                WWDG_IRQHandler
                0x00000000080039e0                TIM2_IRQHandler
                0x00000000080039e0                TIM1_BRK_IRQHandler
                0x00000000080039e0                EXTI1_IRQHandler
                0x00000000080039e0                USART2_IRQHandler
                0x00000000080039e0                I2C2_ER_IRQHandler
                0x00000000080039e0                DMA1_Channel2_IRQHandler
                0x00000000080039e0                CAN1_SCE_IRQHandler
                0x00000000080039e0                FLASH_IRQHandler
                0x00000000080039e0                USART1_IRQHandler
                0x00000000080039e0                I2C1_ER_IRQHandler
                0x00000000080039e0                USBWakeUp_IRQHandler
 *fill*         0x00000000080039e2        0x2 
 .text.__assert_func
                0x00000000080039e4       0x3c /usr/bin/gcc-arm-none-eabi-7-2017-q4-major/bin/../lib/gcc/arm-none-eabi/7.2.1/../../../../arm-none-eabi/lib/thumb/v7-m/libc_nano.a(lib_a-assert.o)
                0x00000000080039e4                __assert_func
 .text.fprintf  0x0000000008003a20       0x24 /usr/bin/gcc-arm-none-eabi-7-2017-q4-major/bin/../lib/gcc/arm-none-eabi/7.2.1/../../../../arm-none-eabi/lib/thumb/v7-m/libc_nano.a(lib_a-fprintf.o)
                0x0000000008003a20                fprintf
                0x0000000008003a20                fiprintf
 .text.__libc_init_array
                0x0000000008003a44       0x48 /usr/bin/gcc-arm-none-eabi-7-2017-q4-major/bin/../lib/gcc/arm-none-eabi/7.2.1/../../../../arm-none-eabi/lib/thumb/v7-m/libc_nano.a(lib_a-init.o)
                0x0000000008003a44                __libc_init_array
 .text.memcpy   0x0000000008003a8c       0x16 /usr/bin/gcc-arm-none-eabi-7-2017-q4-major/bin/../lib/gcc/arm-none-eabi/7.2.1/../../../../arm-none-eabi/lib/thumb/v7-m/libc_nano.a(lib_a-memcpy-stub.o)
                0x0000000008003a8c                memcpy
 .text.memset   0x0000000008003aa2       0x10 /usr/bin/gcc-arm-none-eabi-7-2017-q4-major/bin/../lib/gcc/arm-none-eabi/7.2.1/../../../../arm-none-eabi/lib/thumb/v7-m/libc_nano.a(lib_a-memset.o)
                0x0000000008003aa2                memset
 .text.__sfputc_r
                0x0000000008003ab2       0x2a /usr/bin/gcc-arm-none-eabi-7-2017-q4-major/bin/../lib/gcc/arm-none-eabi/7.2.1/../../../../arm-none-eabi/lib/thumb/v7-m/libc_nano.a(lib_a-nano-vfprintf.o)
 .text.__sfputs_r
                0x0000000008003adc       0x24 /usr/bin/gcc-arm-none-eabi-7-2017-q4-major/bin/../lib/gcc/arm-none-eabi/7.2.1/../../../../arm-none-eabi/lib/thumb/v7-m/libc_nano.a(lib_a-nano-vfprintf.o)
                0x0000000008003adc                __sfputs_r
 .text._vfprintf_r
                0x0000000008003b00      0x228 /usr/bin/gcc-arm-none-eabi-7-2017-q4-major/bin/../lib/gcc/arm-none-eabi/7.2.1/../../../../arm-none-eabi/lib/thumb/v7-m/libc_nano.a(lib_a-nano-vfprintf.o)
                0x0000000008003b00                _vfiprintf_r
                0x0000000008003b00                _vfprintf_r
 .text._printf_common
                0x0000000008003d28       0xec /usr/bin/gcc-arm-none-eabi-7-2017-q4-major/bin/../lib/gcc/arm-none-eabi/7.2.1/../../../../arm-none-eabi/lib/thumb/v7-m/libc_nano.a(lib_a-nano-vfprintf_i.o)
                0x0000000008003d28                _printf_common
 .text._printf_i
                0x0000000008003e14      0x224 /usr/bin/gcc-arm-none-eabi-7-2017-q4-major/bin/../lib/gcc/arm-none-eabi/7.2.1/../../../../arm-none-eabi/lib/thumb/v7-m/libc_nano.a(lib_a-nano-vfprintf_i.o)
                0x0000000008003e14                _printf_i
 .text.strncmp  0x0000000008004038       0x24 /usr/bin/gcc-arm-none-eabi-7-2017-q4-major/bin/../lib/gcc/arm-none-eabi/7.2.1/../../../../arm-none-eabi/lib/thumb/v7-m/libc_nano.a(lib_a-strncmp.o)
                0x0000000008004038                strncmp
 .text.__swbuf_r
                0x000000000800405c       0xa4 /usr/bin/gcc-arm-none-eabi-7-2017-q4-major/bin/../lib/gcc/arm-none-eabi/7.2.1/../../../../arm-none-eabi/lib/thumb/v7-m/libc_nano.a(lib_a-wbuf.o)
                0x000000000800405c                __swbuf_r
 .text.__swsetup_r
                0x0000000008004100       0xdc /usr/bin/gcc-arm-none-eabi-7-2017-q4-major/bin/../lib/gcc/arm-none-eabi/7.2.1/../../../../arm-none-eabi/lib/thumb/v7-m/libc_nano.a(lib_a-wsetup.o)
                0x0000000008004100                __swsetup_r
 .text.abort    0x00000000080041dc        0xe /usr/bin/gcc-arm-none-eabi-7-2017-q4-major/bin/../lib/gcc/arm-none-eabi/7.2.1/../../../../arm-none-eabi/lib/thumb/v7-m/libc_nano.a(lib_a-abort.o)
                0x00000000080041dc                abort
 *fill*         0x00000000080041ea        0x2 
 .text.__sflush_r
                0x00000000080041ec      0x10c /usr/bin/gcc-arm-none-eabi-7-2017-q4-major/bin/../lib/gcc/arm-none-eabi/7.2.1/../../../../arm-none-eabi/lib/thumb/v7-m/libc_nano.a(lib_a-fflush.o)
                0x00000000080041ec                __sflush_r
 .text._fflush_r
                0x00000000080042f8       0x54 /usr/bin/gcc-arm-none-eabi-7-2017-q4-major/bin/../lib/gcc/arm-none-eabi/7.2.1/../../../../arm-none-eabi/lib/thumb/v7-m/libc_nano.a(lib_a-fflush.o)
                0x00000000080042f8                _fflush_r
 .text.std      0x000000000800434c       0x48 /usr/bin/gcc-arm-none-eabi-7-2017-q4-major/bin/../lib/gcc/arm-none-eabi/7.2.1/../../../../arm-none-eabi/lib/thumb/v7-m/libc_nano.a(lib_a-findfp.o)
 .text._cleanup_r
                0x0000000008004394        0xc /usr/bin/gcc-arm-none-eabi-7-2017-q4-major/bin/../lib/gcc/arm-none-eabi/7.2.1/../../../../arm-none-eabi/lib/thumb/v7-m/libc_nano.a(lib_a-findfp.o)
                0x0000000008004394                _cleanup_r
 .text.__sfmoreglue
                0x00000000080043a0       0x2c /usr/bin/gcc-arm-none-eabi-7-2017-q4-major/bin/../lib/gcc/arm-none-eabi/7.2.1/../../../../arm-none-eabi/lib/thumb/v7-m/libc_nano.a(lib_a-findfp.o)
                0x00000000080043a0                __sfmoreglue
 .text.__sinit  0x00000000080043cc       0x60 /usr/bin/gcc-arm-none-eabi-7-2017-q4-major/bin/../lib/gcc/arm-none-eabi/7.2.1/../../../../arm-none-eabi/lib/thumb/v7-m/libc_nano.a(lib_a-findfp.o)
                0x00000000080043cc                __sinit
 .text.__sfp    0x000000000800442c       0x78 /usr/bin/gcc-arm-none-eabi-7-2017-q4-major/bin/../lib/gcc/arm-none-eabi/7.2.1/../../../../arm-none-eabi/lib/thumb/v7-m/libc_nano.a(lib_a-findfp.o)
                0x000000000800442c                __sfp
 .text._fwalk_reent
                0x00000000080044a4       0x3c /usr/bin/gcc-arm-none-eabi-7-2017-q4-major/bin/../lib/gcc/arm-none-eabi/7.2.1/../../../../arm-none-eabi/lib/thumb/v7-m/libc_nano.a(lib_a-fwalk.o)
                0x00000000080044a4                _fwalk_reent
 .text.__swhatbuf_r
                0x00000000080044e0       0x48 /usr/bin/gcc-arm-none-eabi-7-2017-q4-major/bin/../lib/gcc/arm-none-eabi/7.2.1/../../../../arm-none-eabi/lib/thumb/v7-m/libc_nano.a(lib_a-makebuf.o)
                0x00000000080044e0                __swhatbuf_r
 .text.__smakebuf_r
                0x0000000008004528       0x80 /usr/bin/gcc-arm-none-eabi-7-2017-q4-major/bin/../lib/gcc/arm-none-eabi/7.2.1/../../../../arm-none-eabi/lib/thumb/v7-m/libc_nano.a(lib_a-makebuf.o)
                0x0000000008004528                __smakebuf_r
 .text.memchr   0x00000000080045a8       0x1c /usr/bin/gcc-arm-none-eabi-7-2017-q4-major/bin/../lib/gcc/arm-none-eabi/7.2.1/../../../../arm-none-eabi/lib/thumb/v7-m/libc_nano.a(lib_a-memchr-stub.o)
                0x00000000080045a8                memchr
 .text._free_r  0x00000000080045c4       0x98 /usr/bin/gcc-arm-none-eabi-7-2017-q4-major/bin/../lib/gcc/arm-none-eabi/7.2.1/../../../../arm-none-eabi/lib/thumb/v7-m/libc_nano.a(lib_a-nano-freer.o)
                0x00000000080045c4                _free_r
 .text._malloc_r
                0x000000000800465c       0xb4 /usr/bin/gcc-arm-none-eabi-7-2017-q4-major/bin/../lib/gcc/arm-none-eabi/7.2.1/../../../../arm-none-eabi/lib/thumb/v7-m/libc_nano.a(lib_a-nano-mallocr.o)
                0x000000000800465c                _malloc_r
 .text._sbrk_r  0x0000000008004710       0x20 /usr/bin/gcc-arm-none-eabi-7-2017-q4-major/bin/../lib/gcc/arm-none-eabi/7.2.1/../../../../arm-none-eabi/lib/thumb/v7-m/libc_nano.a(lib_a-sbrkr.o)
                0x0000000008004710                _sbrk_r
 .text._raise_r
                0x0000000008004730       0x50 /usr/bin/gcc-arm-none-eabi-7-2017-q4-major/bin/../lib/gcc/arm-none-eabi/7.2.1/../../../../arm-none-eabi/lib/thumb/v7-m/libc_nano.a(lib_a-signal.o)
                0x0000000008004730                _raise_r
 .text.raise    0x0000000008004780       0x10 /usr/bin/gcc-arm-none-eabi-7-2017-q4-major/bin/../lib/gcc/arm-none-eabi/7.2.1/../../../../arm-none-eabi/lib/thumb/v7-m/libc_nano.a(lib_a-signal.o)
                0x0000000008004780                raise
 .text._kill_r  0x0000000008004790       0x24 /usr/bin/gcc-arm-none-eabi-7-2017-q4-major/bin/../lib/gcc/arm-none-eabi/7.2.1/../../../../arm-none-eabi/lib/thumb/v7-m/libc_nano.a(lib_a-signalr.o)
                0x0000000008004790                _kill_r
 .text._getpid_r
                0x00000000080047b4        0x4 /usr/bin/gcc-arm-none-eabi-7-2017-q4-major/bin/../lib/gcc/arm-none-eabi/7.2.1/../../../../arm-none-eabi/lib/thumb/v7-m/libc_nano.a(lib_a-signalr.o)
                0x00000000080047b4                _getpid_r
 .text.__sread  0x00000000080047b8       0x22 /usr/bin/gcc-arm-none-eabi-7-2017-q4-major/bin/../lib/gcc/arm-none-eabi/7.2.1/../../../../arm-none-eabi/lib/thumb/v7-m/libc_nano.a(lib_a-stdio.o)
                0x00000000080047b8                __sread
 .text.__swrite
                0x00000000080047da       0x38 /usr/bin/gcc-arm-none-eabi-7-2017-q4-major/bin/../lib/gcc/arm-none-eabi/7.2.1/../../../../arm-none-eabi/lib/thumb/v7-m/libc_nano.a(lib_a-stdio.o)
                0x00000000080047da                __swrite
 .text.__sseek  0x0000000008004812       0x24 /usr/bin/gcc-arm-none-eabi-7-2017-q4-major/bin/../lib/gcc/arm-none-eabi/7.2.1/../../../../arm-none-eabi/lib/thumb/v7-m/libc_nano.a(lib_a-stdio.o)
                0x0000000008004812                __sseek
 .text.__sclose
                0x0000000008004836        0x8 /usr/bin/gcc-arm-none-eabi-7-2017-q4-major/bin/../lib/gcc/arm-none-eabi/7.2.1/../../../../arm-none-eabi/lib/thumb/v7-m/libc_nano.a(lib_a-stdio.o)
                0x0000000008004836                __sclose
 *fill*         0x000000000800483e        0x2 
 .text._write_r
                0x0000000008004840       0x24 /usr/bin/gcc-arm-none-eabi-7-2017-q4-major/bin/../lib/gcc/arm-none-eabi/7.2.1/../../../../arm-none-eabi/lib/thumb/v7-m/libc_nano.a(lib_a-writer.o)
                0x0000000008004840                _write_r
 .text._close_r
                0x0000000008004864       0x20 /usr/bin/gcc-arm-none-eabi-7-2017-q4-major/bin/../lib/gcc/arm-none-eabi/7.2.1/../../../../arm-none-eabi/lib/thumb/v7-m/libc_nano.a(lib_a-closer.o)
                0x0000000008004864                _close_r
 .text._fstat_r
                0x0000000008004884       0x24 /usr/bin/gcc-arm-none-eabi-7-2017-q4-major/bin/../lib/gcc/arm-none-eabi/7.2.1/../../../../arm-none-eabi/lib/thumb/v7-m/libc_nano.a(lib_a-fstatr.o)
                0x0000000008004884                _fstat_r
 .text._isatty_r
                0x00000000080048a8       0x20 /usr/bin/gcc-arm-none-eabi-7-2017-q4-major/bin/../lib/gcc/arm-none-eabi/7.2.1/../../../../arm-none-eabi/lib/thumb/v7-m/libc_nano.a(lib_a-isattyr.o)
                0x00000000080048a8                _isatty_r
 .text._lseek_r
                0x00000000080048c8       0x24 /usr/bin/gcc-arm-none-eabi-7-2017-q4-major/bin/../lib/gcc/arm-none-eabi/7.2.1/../../../../arm-none-eabi/lib/thumb/v7-m/libc_nano.a(lib_a-lseekr.o)
                0x00000000080048c8                _lseek_r
 .text.__malloc_lock
                0x00000000080048ec        0x2 /usr/bin/gcc-arm-none-eabi-7-2017-q4-major/bin/../lib/gcc/arm-none-eabi/7.2.1/../../../../arm-none-eabi/lib/thumb/v7-m/libc_nano.a(lib_a-mlock.o)
                0x00000000080048ec                __malloc_lock
 .text.__malloc_unlock
                0x00000000080048ee        0x2 /usr/bin/gcc-arm-none-eabi-7-2017-q4-major/bin/../lib/gcc/arm-none-eabi/7.2.1/../../../../arm-none-eabi/lib/thumb/v7-m/libc_nano.a(lib_a-mlock.o)
                0x00000000080048ee                __malloc_unlock
 .text._read_r  0x00000000080048f0       0x24 /usr/bin/gcc-arm-none-eabi-7-2017-q4-major/bin/../lib/gcc/arm-none-eabi/7.2.1/../../../../arm-none-eabi/lib/thumb/v7-m/libc_nano.a(lib_a-readr.o)
                0x00000000080048f0                _read_r
 .text._close   0x0000000008004914       0x10 /usr/bin/gcc-arm-none-eabi-7-2017-q4-major/bin/../lib/gcc/arm-none-eabi/7.2.1/../../../../arm-none-eabi/lib/thumb/v7-m/libnosys.a(close.o)
                0x0000000008004914                _close
 .text._fstat   0x0000000008004924       0x10 /usr/bin/gcc-arm-none-eabi-7-2017-q4-major/bin/../lib/gcc/arm-none-eabi/7.2.1/../../../../arm-none-eabi/lib/thumb/v7-m/libnosys.a(fstat.o)
                0x0000000008004924                _fstat
 .text._getpid  0x0000000008004934       0x10 /usr/bin/gcc-arm-none-eabi-7-2017-q4-major/bin/../lib/gcc/arm-none-eabi/7.2.1/../../../../arm-none-eabi/lib/thumb/v7-m/libnosys.a(getpid.o)
                0x0000000008004934                _getpid
 .text._isatty  0x0000000008004944       0x10 /usr/bin/gcc-arm-none-eabi-7-2017-q4-major/bin/../lib/gcc/arm-none-eabi/7.2.1/../../../../arm-none-eabi/lib/thumb/v7-m/libnosys.a(isatty.o)
                0x0000000008004944                _isatty
 .text._kill    0x0000000008004954       0x10 /usr/bin/gcc-arm-none-eabi-7-2017-q4-major/bin/../lib/gcc/arm-none-eabi/7.2.1/../../../../arm-none-eabi/lib/thumb/v7-m/libnosys.a(kill.o)
                0x0000000008004954                _kill
 .text._lseek   0x0000000008004964       0x10 /usr/bin/gcc-arm-none-eabi-7-2017-q4-major/bin/../lib/gcc/arm-none-eabi/7.2.1/../../../../arm-none-eabi/lib/thumb/v7-m/libnosys.a(lseek.o)
                0x0000000008004964                _lseek
 .text._read    0x0000000008004974       0x10 /usr/bin/gcc-arm-none-eabi-7-2017-q4-major/bin/../lib/gcc/arm-none-eabi/7.2.1/../../../../arm-none-eabi/lib/thumb/v7-m/libnosys.a(read.o)
                0x0000000008004974                _read
 .text._sbrk    0x0000000008004984       0x1c /usr/bin/gcc-arm-none-eabi-7-2017-q4-major/bin/../lib/gcc/arm-none-eabi/7.2.1/../../../../arm-none-eabi/lib/thumb/v7-m/libnosys.a(sbrk.o)
                0x0000000008004984                _sbrk
 .text._write   0x00000000080049a0       0x10 /usr/bin/gcc-arm-none-eabi-7-2017-q4-major/bin/../lib/gcc/arm-none-eabi/7.2.1/../../../../arm-none-eabi/lib/thumb/v7-m/libnosys.a(write.o)
                0x00000000080049a0                _write
 .text._exit    0x00000000080049b0        0x4 /usr/bin/gcc-arm-none-eabi-7-2017-q4-major/bin/../lib/gcc/arm-none-eabi/7.2.1/../../../../arm-none-eabi/lib/thumb/v7-m/libnosys.a(_exit.o)
                0x00000000080049b0                _exit
 *(.glue_7)
 .glue_7        0x00000000080049b4        0x0 linker stubs
 *(.glue_7t)
 .glue_7t       0x00000000080049b4        0x0 linker stubs
 *(.eh_frame)
 .eh_frame      0x00000000080049b4        0x0 /usr/bin/gcc-arm-none-eabi-7-2017-q4-major/bin/../lib/gcc/arm-none-eabi/7.2.1/thumb/v7-m/crtbegin.o
 *(.init)
 .init          0x00000000080049b4        0x4 /usr/bin/gcc-arm-none-eabi-7-2017-q4-major/bin/../lib/gcc/arm-none-eabi/7.2.1/thumb/v7-m/crti.o
                0x00000000080049b4                _init
 .init          0x00000000080049b8        0x8 /usr/bin/gcc-arm-none-eabi-7-2017-q4-major/bin/../lib/gcc/arm-none-eabi/7.2.1/thumb/v7-m/crtn.o
 *(.fini)
 .fini          0x00000000080049c0        0x4 /usr/bin/gcc-arm-none-eabi-7-2017-q4-major/bin/../lib/gcc/arm-none-eabi/7.2.1/thumb/v7-m/crti.o
                0x00000000080049c0                _fini
 .fini          0x00000000080049c4        0x8 /usr/bin/gcc-arm-none-eabi-7-2017-q4-major/bin/../lib/gcc/arm-none-eabi/7.2.1/thumb/v7-m/crtn.o
                0x00000000080049cc                . = ALIGN (0x4)
                0x00000000080049cc                _etext = .

.vfp11_veneer   0x00000000080049cc        0x0
 .vfp11_veneer  0x00000000080049cc        0x0 linker stubs

.v4_bx          0x00000000080049cc        0x0
 .v4_bx         0x00000000080049cc        0x0 linker stubs

.iplt           0x00000000080049cc        0x0
 .iplt          0x00000000080049cc        0x0 /usr/bin/gcc-arm-none-eabi-7-2017-q4-major/bin/../lib/gcc/arm-none-eabi/7.2.1/thumb/v7-m/crtbegin.o

.rodata         0x00000000080049cc      0x6f4
                0x00000000080049cc                . = ALIGN (0x4)
 *(.rodata)
 .rodata        0x00000000080049cc       0x12 build/stm32f1xx_hal_rcc.o
 *(.rodata*)
 *fill*         0x00000000080049de        0x2 
 .rodata.SystemClock_Config.str1.4
                0x00000000080049e0        0xb build/main.o
 *fill*         0x00000000080049eb        0x1 
 .rodata.MX_CAN_Init.str1.4
                0x00000000080049ec        0xa build/can.o
 *fill*         0x00000000080049f6        0x2 
 .rodata.MX_TIM3_Init.str1.4
                0x00000000080049f8        0xa build/tim.o
 *fill*         0x0000000008004a02        0x2 
 .rodata.MX_USART1_UART_Init.str1.4
                0x0000000008004a04        0xc build/usart.o
 .rodata.AHBPrescTable
                0x0000000008004a10       0x10 build/system_stm32f1xx.o
                0x0000000008004a10                AHBPrescTable
 .rodata.APBPrescTable
                0x0000000008004a20        0x8 build/system_stm32f1xx.o
                0x0000000008004a20                APBPrescTable
 .rodata.__func__.5968
                0x0000000008004a28       0x1d build/uavcan.o
 *fill*         0x0000000008004a45        0x3 
 .rodata.getsetHandleCanard.str1.4
                0x0000000008004a48        0x3 build/uavcan.o
 *fill*         0x0000000008004a4b        0x1 
 .rodata.makeNodeInfoMessage.str1.4
                0x0000000008004a4c       0x16 build/uavcan.o
 *fill*         0x0000000008004a62        0x2 
 .rodata.signalTag.str1.4
                0x0000000008004a64        0x7 build/uavcan.o
 *fill*         0x0000000008004a6b        0x1 
 .rodata.str1.4
                0x0000000008004a6c       0x2d build/uavcan.o
 *fill*         0x0000000008004a99        0x3 
 .rodata.uavcanInit.str1.4
                0x0000000008004a9c       0x3b build/uavcan.o
                                         0x3e (size before relaxing)
 *fill*         0x0000000008004ad7        0x1 
 .rodata.__func__.4795
                0x0000000008004ad8        0xb build/canard.o
 *fill*         0x0000000008004ae3        0x1 
 .rodata.__func__.4805
                0x0000000008004ae4       0x15 build/canard.o
 *fill*         0x0000000008004af9        0x3 
 .rodata.__func__.4858
                0x0000000008004afc       0x14 build/canard.o
 .rodata.__func__.4913
                0x0000000008004b10       0x13 build/canard.o
 *fill*         0x0000000008004b23        0x1 
 .rodata.__func__.4921
                0x0000000008004b24       0x13 build/canard.o
 *fill*         0x0000000008004b37        0x1 
 .rodata.__func__.4975
                0x0000000008004b38       0x14 build/canard.o
 .rodata.__func__.4984
                0x0000000008004b4c       0x10 build/canard.o
 .rodata.__func__.5002
                0x0000000008004b5c        0xc build/canard.o
 .rodata.__func__.5027
                0x0000000008004b68       0x17 build/canard.o
 *fill*         0x0000000008004b7f        0x1 
 .rodata.__func__.5103
                0x0000000008004b80        0xd build/canard.o
 *fill*         0x0000000008004b8d        0x3 
 .rodata.__func__.5120
                0x0000000008004b90       0x19 build/canard.o
 *fill*         0x0000000008004ba9        0x3 
 .rodata.__func__.5146
                0x0000000008004bac        0xe build/canard.o
 *fill*         0x0000000008004bba        0x2 
 .rodata.__func__.5197
                0x0000000008004bbc        0xa build/canard.o
 *fill*         0x0000000008004bc6        0x2 
 .rodata.canardDecodeScalar.str1.4
                0x0000000008004bc8       0x6c build/canard.o
 .rodata.canardEncodeScalar.str1.4
                0x0000000008004c34       0x31 build/canard.o
 *fill*         0x0000000008004c65        0x3 
 .rodata.canardHandleRxFrame.str1.4
                0x0000000008004c68       0x7b build/canard.o
 *fill*         0x0000000008004ce3        0x1 
 .rodata.canardInit.str1.4
                0x0000000008004ce4       0x17 build/canard.o
 .rodata.canardSetLocalNodeID.str1.4
                0x0000000008004cfb        0x2 build/canard.o
 *fill*         0x0000000008004cfb        0x1 
 .rodata.copyBitArray.str1.4
                0x0000000008004cfc        0xd build/canard.o
 *fill*         0x0000000008004d09        0x3 
 .rodata.descatterTransferPayload.str1.4
                0x0000000008004d0c      0x10e build/canard.o
 *fill*         0x0000000008004e1a        0x2 
 .rodata.enqueueTxFrames.str1.4
                0x0000000008004e1c       0x21 build/canard.o
 *fill*         0x0000000008004e3d        0x3 
 .rodata.freeBlock.str1.4
                0x0000000008004e40       0x2f build/canard.o
 *fill*         0x0000000008004e6f        0x1 
 .rodata.incrementTransferID.str1.4
                0x0000000008004e70       0x1b build/canard.o
 *fill*         0x0000000008004e8b        0x1 
 .rodata.prepareForNextTransfer.str1.4
                0x0000000008004e8c       0x24 build/canard.o
 .rodata.pushTxQueue.str1.4
                0x0000000008004eb0       0x2d build/canard.o
                                         0x41 (size before relaxing)
 *fill*         0x0000000008004edd        0x3 
 .rodata.swapByteOrder.str1.4
                0x0000000008004ee0       0x14 build/canard.o
 .rodata.RFxR.5256
                0x0000000008004ef4        0x8 build/canard_stm32.o
 .rodata.__func__.5239
                0x0000000008004efc       0x10 build/canard_stm32.o
 .rodata.__func__.5251
                0x0000000008004f0c       0x14 build/canard_stm32.o
 .rodata.canardSTM32Init.str1.4
                0x0000000008004f20       0xaa build/canard_stm32.o
 *fill*         0x0000000008004fca        0x2 
 .rodata.canardSTM32Transmit.str1.4
                0x0000000008004fcc       0x20 build/canard_stm32.o
                                         0x1f (size before relaxing)
 .rodata.__assert_func.str1.1
                0x0000000008004fec       0x3c /usr/bin/gcc-arm-none-eabi-7-2017-q4-major/bin/../lib/gcc/arm-none-eabi/7.2.1/../../../../arm-none-eabi/lib/thumb/v7-m/libc_nano.a(lib_a-assert.o)
                                         0x3d (size before relaxing)
 .rodata._global_impure_ptr
                0x0000000008005028        0x4 /usr/bin/gcc-arm-none-eabi-7-2017-q4-major/bin/../lib/gcc/arm-none-eabi/7.2.1/../../../../arm-none-eabi/lib/thumb/v7-m/libc_nano.a(lib_a-impure.o)
                0x0000000008005028                _global_impure_ptr
 .rodata._vfprintf_r.str1.1
                0x000000000800502c       0x11 /usr/bin/gcc-arm-none-eabi-7-2017-q4-major/bin/../lib/gcc/arm-none-eabi/7.2.1/../../../../arm-none-eabi/lib/thumb/v7-m/libc_nano.a(lib_a-nano-vfprintf.o)
 .rodata._printf_i.str1.1
                0x000000000800503d       0x22 /usr/bin/gcc-arm-none-eabi-7-2017-q4-major/bin/../lib/gcc/arm-none-eabi/7.2.1/../../../../arm-none-eabi/lib/thumb/v7-m/libc_nano.a(lib_a-nano-vfprintf_i.o)
 *fill*         0x000000000800505f        0x1 
 .rodata.__sf_fake_stderr
                0x0000000008005060       0x20 /usr/bin/gcc-arm-none-eabi-7-2017-q4-major/bin/../lib/gcc/arm-none-eabi/7.2.1/../../../../arm-none-eabi/lib/thumb/v7-m/libc_nano.a(lib_a-findfp.o)
                0x0000000008005060                __sf_fake_stderr
 .rodata.__sf_fake_stdin
                0x0000000008005080       0x20 /usr/bin/gcc-arm-none-eabi-7-2017-q4-major/bin/../lib/gcc/arm-none-eabi/7.2.1/../../../../arm-none-eabi/lib/thumb/v7-m/libc_nano.a(lib_a-findfp.o)
                0x0000000008005080                __sf_fake_stdin
 .rodata.__sf_fake_stdout
                0x00000000080050a0       0x20 /usr/bin/gcc-arm-none-eabi-7-2017-q4-major/bin/../lib/gcc/arm-none-eabi/7.2.1/../../../../arm-none-eabi/lib/thumb/v7-m/libc_nano.a(lib_a-findfp.o)
                0x00000000080050a0                __sf_fake_stdout
                0x00000000080050c0                . = ALIGN (0x4)

.rel.dyn        0x00000000080050c0        0x0
 .rel.iplt      0x00000000080050c0        0x0 /usr/bin/gcc-arm-none-eabi-7-2017-q4-major/bin/../lib/gcc/arm-none-eabi/7.2.1/thumb/v7-m/crtbegin.o

.ARM.extab
 *(.ARM.extab* .gnu.linkonce.armextab.*)

.ARM            0x00000000080050c0        0x0
                0x00000000080050c0                __exidx_start = .
 *(.ARM.exidx*)
                0x00000000080050c0                __exidx_end = .

.preinit_array  0x00000000080050c0        0x0
                0x00000000080050c0                PROVIDE (__preinit_array_start, .)
 *(.preinit_array*)
                0x00000000080050c0                PROVIDE (__preinit_array_end, .)

.init_array     0x00000000080050c0        0x4
                0x00000000080050c0                PROVIDE (__init_array_start, .)
 *(SORT_BY_NAME(.init_array.*))
 *(.init_array*)
 .init_array    0x00000000080050c0        0x4 /usr/bin/gcc-arm-none-eabi-7-2017-q4-major/bin/../lib/gcc/arm-none-eabi/7.2.1/thumb/v7-m/crtbegin.o
                0x00000000080050c4                PROVIDE (__init_array_end, .)

.fini_array     0x00000000080050c4        0x4
                [!provide]                        PROVIDE (__fini_array_start, .)
 *(SORT_BY_NAME(.fini_array.*))
 *(.fini_array*)
 .fini_array    0x00000000080050c4        0x4 /usr/bin/gcc-arm-none-eabi-7-2017-q4-major/bin/../lib/gcc/arm-none-eabi/7.2.1/thumb/v7-m/crtbegin.o
                [!provide]                        PROVIDE (__fini_array_end, .)
                0x00000000080050c8                _sidata = LOADADDR (.data)

.data           0x0000000020000000      0x11c load address 0x00000000080050c8
                0x0000000020000000                . = ALIGN (0x4)
                0x0000000020000000                _sdata = .
 *(.data)
 *(.data*)
 .data.uwTickFreq
                0x0000000020000000        0x1 build/stm32f1xx_hal.o
                0x0000000020000000                uwTickFreq
 *fill*         0x0000000020000001        0x3 
 .data.uwTickPrio
                0x0000000020000004        0x4 build/stm32f1xx_hal.o
                0x0000000020000004                uwTickPrio
 .data.SystemCoreClock
                0x0000000020000008        0x4 build/system_stm32f1xx.o
                0x0000000020000008                SystemCoreClock
 .data.FlashAddress
                0x000000002000000c        0x4 build/uavcan.o
                0x000000002000000c                FlashAddress
 .data.nodeID   0x0000000020000010        0x1 build/uavcan.o
                0x0000000020000010                nodeID
 *fill*         0x0000000020000011        0x7 
 .data.parameters
                0x0000000020000018       0xa0 build/uavcan.o
                0x0000000020000018                parameters
 .data._impure_ptr
                0x00000000200000b8        0x4 /usr/bin/gcc-arm-none-eabi-7-2017-q4-major/bin/../lib/gcc/arm-none-eabi/7.2.1/../../../../arm-none-eabi/lib/thumb/v7-m/libc_nano.a(lib_a-impure.o)
                0x00000000200000b8                _impure_ptr
 .data.impure_data
                0x00000000200000bc       0x60 /usr/bin/gcc-arm-none-eabi-7-2017-q4-major/bin/../lib/gcc/arm-none-eabi/7.2.1/../../../../arm-none-eabi/lib/thumb/v7-m/libc_nano.a(lib_a-impure.o)
                0x000000002000011c                . = ALIGN (0x4)
                0x000000002000011c                _edata = .

.igot.plt       0x000000002000011c        0x0 load address 0x00000000080051e4
 .igot.plt      0x000000002000011c        0x0 /usr/bin/gcc-arm-none-eabi-7-2017-q4-major/bin/../lib/gcc/arm-none-eabi/7.2.1/thumb/v7-m/crtbegin.o
                0x000000002000011c                . = ALIGN (0x4)

.bss            0x0000000020000120      0x57c load address 0x00000000080051e4
                0x0000000020000120                _sbss = .
                0x0000000020000120                __bss_start__ = _sbss
 *(.bss)
 .bss           0x0000000020000120       0x1c /usr/bin/gcc-arm-none-eabi-7-2017-q4-major/bin/../lib/gcc/arm-none-eabi/7.2.1/thumb/v7-m/crtbegin.o
 *(.bss*)
 .bss.g_canard  0x000000002000013c       0x24 build/uavcan.o
 .bss.led_time.8078
                0x0000000020000160        0x4 build/uavcan.o
 .bss.rawcommandTag
                0x0000000020000164        0x1 build/uavcan.o
                0x0000000020000164                rawcommandTag
 *fill*         0x0000000020000165        0x1 
 .bss.rawcommandTransfer
                0x0000000020000166        0x2 build/uavcan.o
                0x0000000020000166                rawcommandTransfer
 .bss.rxTag.8074
                0x0000000020000168        0x2 build/uavcan.o
 *fill*         0x000000002000016a        0x2 
 .bss.signal_time.8075
                0x000000002000016c        0x4 build/uavcan.o
 .bss.spin_time.7991
                0x0000000020000170        0x4 build/uavcan.o
 .bss.transfer_id.7993
                0x0000000020000174        0x1 build/uavcan.o
 *fill*         0x0000000020000175        0x1 
 .bss.PageError
                0x0000000020000176        0x2 build/internalflash.o
                0x0000000020000176                PageError
 .bss.g_abort_tx_on_error
                0x0000000020000178        0x1 build/canard_stm32.o
 *fill*         0x0000000020000179        0x7 
 .bss.g_stats   0x0000000020000180       0x10 build/canard_stm32.o
 .bss.__malloc_free_list
                0x0000000020000190        0x4 /usr/bin/gcc-arm-none-eabi-7-2017-q4-major/bin/../lib/gcc/arm-none-eabi/7.2.1/../../../../arm-none-eabi/lib/thumb/v7-m/libc_nano.a(lib_a-nano-mallocr.o)
                0x0000000020000190                __malloc_free_list
 .bss.__malloc_sbrk_start
                0x0000000020000194        0x4 /usr/bin/gcc-arm-none-eabi-7-2017-q4-major/bin/../lib/gcc/arm-none-eabi/7.2.1/../../../../arm-none-eabi/lib/thumb/v7-m/libc_nano.a(lib_a-nano-mallocr.o)
                0x0000000020000194                __malloc_sbrk_start
 .bss.heap_end.4102
                0x0000000020000198        0x4 /usr/bin/gcc-arm-none-eabi-7-2017-q4-major/bin/../lib/gcc/arm-none-eabi/7.2.1/../../../../arm-none-eabi/lib/thumb/v7-m/libnosys.a(sbrk.o)
 *(COMMON)
 COMMON         0x000000002000019c       0x44 build/can.o
                0x000000002000019c                hcan
 COMMON         0x00000000200001e0       0x40 build/tim.o
                0x00000000200001e0                htim3
 COMMON         0x0000000020000220       0x40 build/usart.o
                0x0000000020000220                huart1
 COMMON         0x0000000020000260        0x4 build/stm32f1xx_hal.o
                0x0000000020000260                uwTick
 *fill*         0x0000000020000264        0x4 
 COMMON         0x0000000020000268       0x20 build/stm32f1xx_hal_flash.o
                0x0000000020000268                pFlash
 COMMON         0x0000000020000288      0x40d build/uavcan.o
                0x0000000020000288                g_canard_memory_pool
                0x0000000020000688                LedStatus
                0x000000002000068c                FlashData
                0x0000000020000694                OutIndex
 *fill*         0x0000000020000695        0x3 
 COMMON         0x0000000020000698        0x4 /usr/bin/gcc-arm-none-eabi-7-2017-q4-major/bin/../lib/gcc/arm-none-eabi/7.2.1/../../../../arm-none-eabi/lib/thumb/v7-m/libc_nano.a(lib_a-reent.o)
                0x0000000020000698                errno
                0x000000002000069c                . = ALIGN (0x4)
                0x000000002000069c                _ebss = .
                0x000000002000069c                __bss_end__ = _ebss

._user_heap_stack
                0x000000002000069c      0x604 load address 0x00000000080051e4
                0x00000000200006a0                . = ALIGN (0x8)
 *fill*         0x000000002000069c        0x4 
                0x00000000200006a0                PROVIDE (end, .)
                [!provide]                        PROVIDE (_end, .)
                0x00000000200008a0                . = (. + _Min_Heap_Size)
 *fill*         0x00000000200006a0      0x200 
                0x0000000020000ca0                . = (. + _Min_Stack_Size)
 *fill*         0x00000000200008a0      0x400 
                0x0000000020000ca0                . = ALIGN (0x8)

/DISCARD/
 libc.a(*)
 libm.a(*)
 libgcc.a(*)

.ARM.attributes
                0x0000000000000000       0x29
 *(.ARM.attributes)
 .ARM.attributes
                0x0000000000000000       0x1d /usr/bin/gcc-arm-none-eabi-7-2017-q4-major/bin/../lib/gcc/arm-none-eabi/7.2.1/thumb/v7-m/crti.o
 .ARM.attributes
                0x000000000000001d       0x2d /usr/bin/gcc-arm-none-eabi-7-2017-q4-major/bin/../lib/gcc/arm-none-eabi/7.2.1/thumb/v7-m/crtbegin.o
 .ARM.attributes
                0x000000000000004a       0x33 build/main.o
 .ARM.attributes
                0x000000000000007d       0x33 build/gpio.o
 .ARM.attributes
                0x00000000000000b0       0x33 build/can.o
 .ARM.attributes
                0x00000000000000e3       0x33 build/tim.o
 .ARM.attributes
                0x0000000000000116       0x33 build/usart.o
 .ARM.attributes
                0x0000000000000149       0x33 build/stm32f1xx_it.o
 .ARM.attributes
                0x000000000000017c       0x33 build/stm32f1xx_hal_msp.o
 .ARM.attributes
                0x00000000000001af       0x33 build/stm32f1xx_hal_can.o
 .ARM.attributes
                0x00000000000001e2       0x33 build/stm32f1xx_hal_tim.o
 .ARM.attributes
                0x0000000000000215       0x33 build/stm32f1xx_hal_tim_ex.o
 .ARM.attributes
                0x0000000000000248       0x33 build/stm32f1xx_hal_uart.o
 .ARM.attributes
                0x000000000000027b       0x33 build/stm32f1xx_hal.o
 .ARM.attributes
                0x00000000000002ae       0x33 build/stm32f1xx_hal_rcc.o
 .ARM.attributes
                0x00000000000002e1       0x33 build/stm32f1xx_hal_gpio.o
 .ARM.attributes
                0x0000000000000314       0x33 build/stm32f1xx_hal_cortex.o
 .ARM.attributes
                0x0000000000000347       0x33 build/stm32f1xx_hal_flash.o
 .ARM.attributes
                0x000000000000037a       0x33 build/stm32f1xx_hal_flash_ex.o
 .ARM.attributes
                0x00000000000003ad       0x33 build/system_stm32f1xx.o
 .ARM.attributes
                0x00000000000003e0       0x33 build/uavcan.o
 .ARM.attributes
                0x0000000000000413       0x33 build/internalflash.o
 .ARM.attributes
                0x0000000000000446       0x33 build/canard.o
 .ARM.attributes
                0x0000000000000479       0x33 build/canard_stm32.o
 .ARM.attributes
                0x00000000000004ac       0x21 build/startup_stm32f103xb.o
 .ARM.attributes
                0x00000000000004cd       0x2d /usr/bin/gcc-arm-none-eabi-7-2017-q4-major/bin/../lib/gcc/arm-none-eabi/7.2.1/../../../../arm-none-eabi/lib/thumb/v7-m/libc_nano.a(lib_a-assert.o)
 .ARM.attributes
                0x00000000000004fa       0x2d /usr/bin/gcc-arm-none-eabi-7-2017-q4-major/bin/../lib/gcc/arm-none-eabi/7.2.1/../../../../arm-none-eabi/lib/thumb/v7-m/libc_nano.a(lib_a-fprintf.o)
 .ARM.attributes
                0x0000000000000527       0x2d /usr/bin/gcc-arm-none-eabi-7-2017-q4-major/bin/../lib/gcc/arm-none-eabi/7.2.1/../../../../arm-none-eabi/lib/thumb/v7-m/libc_nano.a(lib_a-impure.o)
 .ARM.attributes
                0x0000000000000554       0x2d /usr/bin/gcc-arm-none-eabi-7-2017-q4-major/bin/../lib/gcc/arm-none-eabi/7.2.1/../../../../arm-none-eabi/lib/thumb/v7-m/libc_nano.a(lib_a-init.o)
 .ARM.attributes
                0x0000000000000581       0x2d /usr/bin/gcc-arm-none-eabi-7-2017-q4-major/bin/../lib/gcc/arm-none-eabi/7.2.1/../../../../arm-none-eabi/lib/thumb/v7-m/libc_nano.a(lib_a-memcpy-stub.o)
 .ARM.attributes
                0x00000000000005ae       0x2d /usr/bin/gcc-arm-none-eabi-7-2017-q4-major/bin/../lib/gcc/arm-none-eabi/7.2.1/../../../../arm-none-eabi/lib/thumb/v7-m/libc_nano.a(lib_a-memset.o)
 .ARM.attributes
                0x00000000000005db       0x2d /usr/bin/gcc-arm-none-eabi-7-2017-q4-major/bin/../lib/gcc/arm-none-eabi/7.2.1/../../../../arm-none-eabi/lib/thumb/v7-m/libc_nano.a(lib_a-nano-vfprintf.o)
 .ARM.attributes
                0x0000000000000608       0x2d /usr/bin/gcc-arm-none-eabi-7-2017-q4-major/bin/../lib/gcc/arm-none-eabi/7.2.1/../../../../arm-none-eabi/lib/thumb/v7-m/libc_nano.a(lib_a-nano-vfprintf_i.o)
 .ARM.attributes
                0x0000000000000635       0x17 /usr/bin/gcc-arm-none-eabi-7-2017-q4-major/bin/../lib/gcc/arm-none-eabi/7.2.1/../../../../arm-none-eabi/lib/thumb/v7-m/libc_nano.a(lib_a-strlen.o)
 .ARM.attributes
                0x000000000000064c       0x2d /usr/bin/gcc-arm-none-eabi-7-2017-q4-major/bin/../lib/gcc/arm-none-eabi/7.2.1/../../../../arm-none-eabi/lib/thumb/v7-m/libc_nano.a(lib_a-strncmp.o)
 .ARM.attributes
                0x0000000000000679       0x2d /usr/bin/gcc-arm-none-eabi-7-2017-q4-major/bin/../lib/gcc/arm-none-eabi/7.2.1/../../../../arm-none-eabi/lib/thumb/v7-m/libc_nano.a(lib_a-wbuf.o)
 .ARM.attributes
                0x00000000000006a6       0x2d /usr/bin/gcc-arm-none-eabi-7-2017-q4-major/bin/../lib/gcc/arm-none-eabi/7.2.1/../../../../arm-none-eabi/lib/thumb/v7-m/libc_nano.a(lib_a-wsetup.o)
 .ARM.attributes
                0x00000000000006d3       0x2d /usr/bin/gcc-arm-none-eabi-7-2017-q4-major/bin/../lib/gcc/arm-none-eabi/7.2.1/../../../../arm-none-eabi/lib/thumb/v7-m/libc_nano.a(lib_a-abort.o)
 .ARM.attributes
                0x0000000000000700       0x2d /usr/bin/gcc-arm-none-eabi-7-2017-q4-major/bin/../lib/gcc/arm-none-eabi/7.2.1/../../../../arm-none-eabi/lib/thumb/v7-m/libc_nano.a(lib_a-fflush.o)
 .ARM.attributes
                0x000000000000072d       0x2d /usr/bin/gcc-arm-none-eabi-7-2017-q4-major/bin/../lib/gcc/arm-none-eabi/7.2.1/../../../../arm-none-eabi/lib/thumb/v7-m/libc_nano.a(lib_a-findfp.o)
 .ARM.attributes
                0x000000000000075a       0x2d /usr/bin/gcc-arm-none-eabi-7-2017-q4-major/bin/../lib/gcc/arm-none-eabi/7.2.1/../../../../arm-none-eabi/lib/thumb/v7-m/libc_nano.a(lib_a-fwalk.o)
 .ARM.attributes
                0x0000000000000787       0x2d /usr/bin/gcc-arm-none-eabi-7-2017-q4-major/bin/../lib/gcc/arm-none-eabi/7.2.1/../../../../arm-none-eabi/lib/thumb/v7-m/libc_nano.a(lib_a-makebuf.o)
 .ARM.attributes
                0x00000000000007b4       0x2d /usr/bin/gcc-arm-none-eabi-7-2017-q4-major/bin/../lib/gcc/arm-none-eabi/7.2.1/../../../../arm-none-eabi/lib/thumb/v7-m/libc_nano.a(lib_a-memchr-stub.o)
 .ARM.attributes
                0x00000000000007e1       0x2d /usr/bin/gcc-arm-none-eabi-7-2017-q4-major/bin/../lib/gcc/arm-none-eabi/7.2.1/../../../../arm-none-eabi/lib/thumb/v7-m/libc_nano.a(lib_a-nano-freer.o)
 .ARM.attributes
                0x000000000000080e       0x2d /usr/bin/gcc-arm-none-eabi-7-2017-q4-major/bin/../lib/gcc/arm-none-eabi/7.2.1/../../../../arm-none-eabi/lib/thumb/v7-m/libc_nano.a(lib_a-nano-mallocr.o)
 .ARM.attributes
                0x000000000000083b       0x2d /usr/bin/gcc-arm-none-eabi-7-2017-q4-major/bin/../lib/gcc/arm-none-eabi/7.2.1/../../../../arm-none-eabi/lib/thumb/v7-m/libc_nano.a(lib_a-sbrkr.o)
 .ARM.attributes
                0x0000000000000868       0x2d /usr/bin/gcc-arm-none-eabi-7-2017-q4-major/bin/../lib/gcc/arm-none-eabi/7.2.1/../../../../arm-none-eabi/lib/thumb/v7-m/libc_nano.a(lib_a-signal.o)
 .ARM.attributes
                0x0000000000000895       0x2d /usr/bin/gcc-arm-none-eabi-7-2017-q4-major/bin/../lib/gcc/arm-none-eabi/7.2.1/../../../../arm-none-eabi/lib/thumb/v7-m/libc_nano.a(lib_a-signalr.o)
 .ARM.attributes
                0x00000000000008c2       0x2d /usr/bin/gcc-arm-none-eabi-7-2017-q4-major/bin/../lib/gcc/arm-none-eabi/7.2.1/../../../../arm-none-eabi/lib/thumb/v7-m/libc_nano.a(lib_a-stdio.o)
 .ARM.attributes
                0x00000000000008ef       0x2d /usr/bin/gcc-arm-none-eabi-7-2017-q4-major/bin/../lib/gcc/arm-none-eabi/7.2.1/../../../../arm-none-eabi/lib/thumb/v7-m/libc_nano.a(lib_a-writer.o)
 .ARM.attributes
                0x000000000000091c       0x2d /usr/bin/gcc-arm-none-eabi-7-2017-q4-major/bin/../lib/gcc/arm-none-eabi/7.2.1/../../../../arm-none-eabi/lib/thumb/v7-m/libc_nano.a(lib_a-closer.o)
 .ARM.attributes
                0x0000000000000949       0x2d /usr/bin/gcc-arm-none-eabi-7-2017-q4-major/bin/../lib/gcc/arm-none-eabi/7.2.1/../../../../arm-none-eabi/lib/thumb/v7-m/libc_nano.a(lib_a-fstatr.o)
 .ARM.attributes
                0x0000000000000976       0x2d /usr/bin/gcc-arm-none-eabi-7-2017-q4-major/bin/../lib/gcc/arm-none-eabi/7.2.1/../../../../arm-none-eabi/lib/thumb/v7-m/libc_nano.a(lib_a-isattyr.o)
 .ARM.attributes
                0x00000000000009a3       0x2d /usr/bin/gcc-arm-none-eabi-7-2017-q4-major/bin/../lib/gcc/arm-none-eabi/7.2.1/../../../../arm-none-eabi/lib/thumb/v7-m/libc_nano.a(lib_a-lseekr.o)
 .ARM.attributes
                0x00000000000009d0       0x2d /usr/bin/gcc-arm-none-eabi-7-2017-q4-major/bin/../lib/gcc/arm-none-eabi/7.2.1/../../../../arm-none-eabi/lib/thumb/v7-m/libc_nano.a(lib_a-mlock.o)
 .ARM.attributes
                0x00000000000009fd       0x2d /usr/bin/gcc-arm-none-eabi-7-2017-q4-major/bin/../lib/gcc/arm-none-eabi/7.2.1/../../../../arm-none-eabi/lib/thumb/v7-m/libc_nano.a(lib_a-readr.o)
 .ARM.attributes
                0x0000000000000a2a       0x2d /usr/bin/gcc-arm-none-eabi-7-2017-q4-major/bin/../lib/gcc/arm-none-eabi/7.2.1/../../../../arm-none-eabi/lib/thumb/v7-m/libc_nano.a(lib_a-reent.o)
 .ARM.attributes
                0x0000000000000a57       0x2d /usr/bin/gcc-arm-none-eabi-7-2017-q4-major/bin/../lib/gcc/arm-none-eabi/7.2.1/../../../../arm-none-eabi/lib/thumb/v7-m/libnosys.a(close.o)
 .ARM.attributes
                0x0000000000000a84       0x2d /usr/bin/gcc-arm-none-eabi-7-2017-q4-major/bin/../lib/gcc/arm-none-eabi/7.2.1/../../../../arm-none-eabi/lib/thumb/v7-m/libnosys.a(fstat.o)
 .ARM.attributes
                0x0000000000000ab1       0x2d /usr/bin/gcc-arm-none-eabi-7-2017-q4-major/bin/../lib/gcc/arm-none-eabi/7.2.1/../../../../arm-none-eabi/lib/thumb/v7-m/libnosys.a(getpid.o)
 .ARM.attributes
                0x0000000000000ade       0x2d /usr/bin/gcc-arm-none-eabi-7-2017-q4-major/bin/../lib/gcc/arm-none-eabi/7.2.1/../../../../arm-none-eabi/lib/thumb/v7-m/libnosys.a(isatty.o)
 .ARM.attributes
                0x0000000000000b0b       0x2d /usr/bin/gcc-arm-none-eabi-7-2017-q4-major/bin/../lib/gcc/arm-none-eabi/7.2.1/../../../../arm-none-eabi/lib/thumb/v7-m/libnosys.a(kill.o)
 .ARM.attributes
                0x0000000000000b38       0x2d /usr/bin/gcc-arm-none-eabi-7-2017-q4-major/bin/../lib/gcc/arm-none-eabi/7.2.1/../../../../arm-none-eabi/lib/thumb/v7-m/libnosys.a(lseek.o)
 .ARM.attributes
                0x0000000000000b65       0x2d /usr/bin/gcc-arm-none-eabi-7-2017-q4-major/bin/../lib/gcc/arm-none-eabi/7.2.1/../../../../arm-none-eabi/lib/thumb/v7-m/libnosys.a(read.o)
 .ARM.attributes
                0x0000000000000b92       0x2d /usr/bin/gcc-arm-none-eabi-7-2017-q4-major/bin/../lib/gcc/arm-none-eabi/7.2.1/../../../../arm-none-eabi/lib/thumb/v7-m/libnosys.a(sbrk.o)
 .ARM.attributes
                0x0000000000000bbf       0x2d /usr/bin/gcc-arm-none-eabi-7-2017-q4-major/bin/../lib/gcc/arm-none-eabi/7.2.1/../../../../arm-none-eabi/lib/thumb/v7-m/libnosys.a(write.o)
 .ARM.attributes
                0x0000000000000bec       0x2d /usr/bin/gcc-arm-none-eabi-7-2017-q4-major/bin/../lib/gcc/arm-none-eabi/7.2.1/../../../../arm-none-eabi/lib/thumb/v7-m/libnosys.a(_exit.o)
 .ARM.attributes
                0x0000000000000c19       0x1d /usr/bin/gcc-arm-none-eabi-7-2017-q4-major/bin/../lib/gcc/arm-none-eabi/7.2.1/thumb/v7-m/crtn.o
OUTPUT(build/uavcan_actuator.elf elf32-littlearm)

.debug_info     0x0000000000000000    0x201c3
 .debug_info    0x0000000000000000     0x1c04 build/main.o
 .debug_info    0x0000000000001c04      0xc9b build/gpio.o
 .debug_info    0x000000000000289f     0x12bd build/can.o
 .debug_info    0x0000000000003b5c     0x1384 build/tim.o
 .debug_info    0x0000000000004ee0     0x11a9 build/usart.o
 .debug_info    0x0000000000006089      0xb15 build/stm32f1xx_it.o
 .debug_info    0x0000000000006b9e      0xdfb build/stm32f1xx_hal_msp.o
 .debug_info    0x0000000000007999     0x1670 build/stm32f1xx_hal_can.o
 .debug_info    0x0000000000009009     0x39fe build/stm32f1xx_hal_tim.o
 .debug_info    0x000000000000ca07     0x1ce4 build/stm32f1xx_hal_tim_ex.o
 .debug_info    0x000000000000e6eb     0x20c5 build/stm32f1xx_hal_uart.o
 .debug_info    0x00000000000107b0     0x112a build/stm32f1xx_hal.o
 .debug_info    0x00000000000118da     0x1382 build/stm32f1xx_hal_rcc.o
 .debug_info    0x0000000000012c5c      0xfd3 build/stm32f1xx_hal_gpio.o
 .debug_info    0x0000000000013c2f     0x15fb build/stm32f1xx_hal_cortex.o
 .debug_info    0x000000000001522a      0xffd build/stm32f1xx_hal_flash.o
 .debug_info    0x0000000000016227     0x1419 build/stm32f1xx_hal_flash_ex.o
 .debug_info    0x0000000000017640      0xd44 build/system_stm32f1xx.o
 .debug_info    0x0000000000018384     0x2aac build/uavcan.o
 .debug_info    0x000000000001ae30      0xc58 build/internalflash.o
 .debug_info    0x000000000001ba88     0x32c4 build/canard.o
 .debug_info    0x000000000001ed4c     0x1455 build/canard_stm32.o
 .debug_info    0x00000000000201a1       0x22 build/startup_stm32f103xb.o

.debug_abbrev   0x0000000000000000     0x408c
 .debug_abbrev  0x0000000000000000      0x2b5 build/main.o
 .debug_abbrev  0x00000000000002b5      0x20d build/gpio.o
 .debug_abbrev  0x00000000000004c2      0x248 build/can.o
 .debug_abbrev  0x000000000000070a      0x273 build/tim.o
 .debug_abbrev  0x000000000000097d      0x23b build/usart.o
 .debug_abbrev  0x0000000000000bb8      0x1c9 build/stm32f1xx_it.o
 .debug_abbrev  0x0000000000000d81      0x216 build/stm32f1xx_hal_msp.o
 .debug_abbrev  0x0000000000000f97      0x2e7 build/stm32f1xx_hal_can.o
 .debug_abbrev  0x000000000000127e      0x31f build/stm32f1xx_hal_tim.o
 .debug_abbrev  0x000000000000159d      0x2f8 build/stm32f1xx_hal_tim_ex.o
 .debug_abbrev  0x0000000000001895      0x338 build/stm32f1xx_hal_uart.o
 .debug_abbrev  0x0000000000001bcd      0x2f0 build/stm32f1xx_hal.o
 .debug_abbrev  0x0000000000001ebd      0x332 build/stm32f1xx_hal_rcc.o
 .debug_abbrev  0x00000000000021ef      0x2be build/stm32f1xx_hal_gpio.o
 .debug_abbrev  0x00000000000024ad      0x3d3 build/stm32f1xx_hal_cortex.o
 .debug_abbrev  0x0000000000002880      0x333 build/stm32f1xx_hal_flash.o
 .debug_abbrev  0x0000000000002bb3      0x32a build/stm32f1xx_hal_flash_ex.o
 .debug_abbrev  0x0000000000002edd      0x209 build/system_stm32f1xx.o
 .debug_abbrev  0x00000000000030e6      0x52b build/uavcan.o
 .debug_abbrev  0x0000000000003611      0x26c build/internalflash.o
 .debug_abbrev  0x000000000000387d      0x46b build/canard.o
 .debug_abbrev  0x0000000000003ce8      0x392 build/canard_stm32.o
 .debug_abbrev  0x000000000000407a       0x12 build/startup_stm32f103xb.o

.debug_loc      0x0000000000000000     0xe84a
 .debug_loc     0x0000000000000000       0x66 build/main.o
 .debug_loc     0x0000000000000066       0x38 build/gpio.o
 .debug_loc     0x000000000000009e       0xd3 build/can.o
 .debug_loc     0x0000000000000171       0xc9 build/tim.o
 .debug_loc     0x000000000000023a       0xd3 build/usart.o
 .debug_loc     0x000000000000030d       0x20 build/stm32f1xx_it.o
 .debug_loc     0x000000000000032d       0x38 build/stm32f1xx_hal_msp.o
 .debug_loc     0x0000000000000365      0xfde build/stm32f1xx_hal_can.o
 .debug_loc     0x0000000000001343     0x40e2 build/stm32f1xx_hal_tim.o
 .debug_loc     0x0000000000005425     0x13ca build/stm32f1xx_hal_tim_ex.o
 .debug_loc     0x00000000000067ef     0x19dd build/stm32f1xx_hal_uart.o
 .debug_loc     0x00000000000081cc      0x19d build/stm32f1xx_hal.o
 .debug_loc     0x0000000000008369      0x68e build/stm32f1xx_hal_rcc.o
 .debug_loc     0x00000000000089f7      0x516 build/stm32f1xx_hal_gpio.o
 .debug_loc     0x0000000000008f0d      0x63d build/stm32f1xx_hal_cortex.o
 .debug_loc     0x000000000000954a      0x3d7 build/stm32f1xx_hal_flash.o
 .debug_loc     0x0000000000009921      0x9b1 build/stm32f1xx_hal_flash_ex.o
 .debug_loc     0x000000000000a2d2       0xdf build/system_stm32f1xx.o
 .debug_loc     0x000000000000a3b1      0xc45 build/uavcan.o
 .debug_loc     0x000000000000aff6      0x17f build/internalflash.o
 .debug_loc     0x000000000000b175     0x2db0 build/canard.o
 .debug_loc     0x000000000000df25      0x925 build/canard_stm32.o

.debug_aranges  0x0000000000000000      0xf00
 .debug_aranges
                0x0000000000000000       0x30 build/main.o
 .debug_aranges
                0x0000000000000030       0x20 build/gpio.o
 .debug_aranges
                0x0000000000000050       0x30 build/can.o
 .debug_aranges
                0x0000000000000080       0x38 build/tim.o
 .debug_aranges
                0x00000000000000b8       0x30 build/usart.o
 .debug_aranges
                0x00000000000000e8       0x60 build/stm32f1xx_it.o
 .debug_aranges
                0x0000000000000148       0x20 build/stm32f1xx_hal_msp.o
 .debug_aranges
                0x0000000000000168       0xb0 build/stm32f1xx_hal_can.o
 .debug_aranges
                0x0000000000000218      0x368 build/stm32f1xx_hal_tim.o
 .debug_aranges
                0x0000000000000580      0x138 build/stm32f1xx_hal_tim_ex.o
 .debug_aranges
                0x00000000000006b8      0x1d0 build/stm32f1xx_hal_uart.o
 .debug_aranges
                0x0000000000000888       0xd0 build/stm32f1xx_hal.o
 .debug_aranges
                0x0000000000000958       0x90 build/stm32f1xx_hal_rcc.o
 .debug_aranges
                0x00000000000009e8       0x58 build/stm32f1xx_hal_gpio.o
 .debug_aranges
                0x0000000000000a40       0x90 build/stm32f1xx_hal_cortex.o
 .debug_aranges
                0x0000000000000ad0       0x88 build/stm32f1xx_hal_flash.o
 .debug_aranges
                0x0000000000000b58       0x98 build/stm32f1xx_hal_flash_ex.o
 .debug_aranges
                0x0000000000000bf0       0x28 build/system_stm32f1xx.o
 .debug_aranges
                0x0000000000000c18       0xc0 build/uavcan.o
 .debug_aranges
                0x0000000000000cd8       0x30 build/internalflash.o
 .debug_aranges
                0x0000000000000d08      0x168 build/canard.o
 .debug_aranges
                0x0000000000000e70       0x68 build/canard_stm32.o
 .debug_aranges
                0x0000000000000ed8       0x28 build/startup_stm32f103xb.o

.debug_ranges   0x0000000000000000     0x1138
 .debug_ranges  0x0000000000000000       0x20 build/main.o
 .debug_ranges  0x0000000000000020       0x10 build/gpio.o
 .debug_ranges  0x0000000000000030       0x20 build/can.o
 .debug_ranges  0x0000000000000050       0x28 build/tim.o
 .debug_ranges  0x0000000000000078       0x20 build/usart.o
 .debug_ranges  0x0000000000000098       0x50 build/stm32f1xx_it.o
 .debug_ranges  0x00000000000000e8       0x10 build/stm32f1xx_hal_msp.o
 .debug_ranges  0x00000000000000f8       0xa0 build/stm32f1xx_hal_can.o
 .debug_ranges  0x0000000000000198      0x358 build/stm32f1xx_hal_tim.o
 .debug_ranges  0x00000000000004f0      0x128 build/stm32f1xx_hal_tim_ex.o
 .debug_ranges  0x0000000000000618      0x1c0 build/stm32f1xx_hal_uart.o
 .debug_ranges  0x00000000000007d8       0xc0 build/stm32f1xx_hal.o
 .debug_ranges  0x0000000000000898       0xa0 build/stm32f1xx_hal_rcc.o
 .debug_ranges  0x0000000000000938       0x48 build/stm32f1xx_hal_gpio.o
 .debug_ranges  0x0000000000000980       0xe0 build/stm32f1xx_hal_cortex.o
 .debug_ranges  0x0000000000000a60       0x78 build/stm32f1xx_hal_flash.o
 .debug_ranges  0x0000000000000ad8       0x88 build/stm32f1xx_hal_flash_ex.o
 .debug_ranges  0x0000000000000b60       0x18 build/system_stm32f1xx.o
 .debug_ranges  0x0000000000000b78      0x128 build/uavcan.o
 .debug_ranges  0x0000000000000ca0       0x20 build/internalflash.o
 .debug_ranges  0x0000000000000cc0      0x350 build/canard.o
 .debug_ranges  0x0000000000001010      0x108 build/canard_stm32.o
 .debug_ranges  0x0000000000001118       0x20 build/startup_stm32f103xb.o

.debug_line     0x0000000000000000     0x74d3
 .debug_line    0x0000000000000000      0x354 build/main.o
 .debug_line    0x0000000000000354      0x21d build/gpio.o
 .debug_line    0x0000000000000571      0x29f build/can.o
 .debug_line    0x0000000000000810      0x2d5 build/tim.o
 .debug_line    0x0000000000000ae5      0x2a8 build/usart.o
 .debug_line    0x0000000000000d8d      0x2a6 build/stm32f1xx_it.o
 .debug_line    0x0000000000001033      0x22e build/stm32f1xx_hal_msp.o
 .debug_line    0x0000000000001261      0x84a build/stm32f1xx_hal_can.o
 .debug_line    0x0000000000001aab     0x124f build/stm32f1xx_hal_tim.o
 .debug_line    0x0000000000002cfa      0x809 build/stm32f1xx_hal_tim_ex.o
 .debug_line    0x0000000000003503      0xb7c build/stm32f1xx_hal_uart.o
 .debug_line    0x000000000000407f      0x410 build/stm32f1xx_hal.o
 .debug_line    0x000000000000448f      0x577 build/stm32f1xx_hal_rcc.o
 .debug_line    0x0000000000004a06      0x407 build/stm32f1xx_hal_gpio.o
 .debug_line    0x0000000000004e0d      0x3d2 build/stm32f1xx_hal_cortex.o
 .debug_line    0x00000000000051df      0x484 build/stm32f1xx_hal_flash.o
 .debug_line    0x0000000000005663      0x4f5 build/stm32f1xx_hal_flash_ex.o
 .debug_line    0x0000000000005b58      0x237 build/system_stm32f1xx.o
 .debug_line    0x0000000000005d8f      0x614 build/uavcan.o
 .debug_line    0x00000000000063a3      0x293 build/internalflash.o
 .debug_line    0x0000000000006636      0x9b7 build/canard.o
 .debug_line    0x0000000000006fed      0x474 build/canard_stm32.o
 .debug_line    0x0000000000007461       0x72 build/startup_stm32f103xb.o

.debug_str      0x0000000000000000     0x4dca
 .debug_str     0x0000000000000000     0x121c build/main.o
                                       0x1316 (size before relaxing)
 .debug_str     0x000000000000121c       0xd0 build/gpio.o
                                        0x697 (size before relaxing)
 .debug_str     0x00000000000012ec       0x62 build/can.o
                                        0xa01 (size before relaxing)
 .debug_str     0x000000000000134e      0x160 build/tim.o
                                        0xba6 (size before relaxing)
 .debug_str     0x00000000000014ae       0x49 build/usart.o
                                        0xa67 (size before relaxing)
 .debug_str     0x00000000000014f7       0xc6 build/stm32f1xx_it.o
                                        0x667 (size before relaxing)
 .debug_str     0x00000000000015bd       0x65 build/stm32f1xx_hal_msp.o
                                        0x940 (size before relaxing)
 .debug_str     0x0000000000001622      0x253 build/stm32f1xx_hal_can.o
                                        0xb9e (size before relaxing)
 .debug_str     0x0000000000001875      0xca9 build/stm32f1xx_hal_tim.o
                                       0x1754 (size before relaxing)
 .debug_str     0x000000000000251e      0x47e build/stm32f1xx_hal_tim_ex.o
                                        0xff6 (size before relaxing)
 .debug_str     0x000000000000299c      0x54c build/stm32f1xx_hal_uart.o
                                        0xf6d (size before relaxing)
 .debug_str     0x0000000000002ee8      0x28a build/stm32f1xx_hal.o
                                        0xc0a (size before relaxing)
 .debug_str     0x0000000000003172      0x194 build/stm32f1xx_hal_rcc.o
                                        0x9fc (size before relaxing)
 .debug_str     0x0000000000003306      0x11e build/stm32f1xx_hal_gpio.o
                                        0x825 (size before relaxing)
 .debug_str     0x0000000000003424      0x273 build/stm32f1xx_hal_cortex.o
                                        0xcb8 (size before relaxing)
 .debug_str     0x0000000000003697      0x28d build/stm32f1xx_hal_flash.o
                                        0x93c (size before relaxing)
 .debug_str     0x0000000000003924      0x2c0 build/stm32f1xx_hal_flash_ex.o
                                        0xa52 (size before relaxing)
 .debug_str     0x0000000000003be4       0x4a build/system_stm32f1xx.o
                                        0x68e (size before relaxing)
 .debug_str     0x0000000000003c2e      0x835 build/uavcan.o
                                       0x149a (size before relaxing)
 .debug_str     0x0000000000004463       0x40 build/internalflash.o
                                        0x6cb (size before relaxing)
 .debug_str     0x00000000000044a3      0x62f build/canard.o
                                       0x10a1 (size before relaxing)
 .debug_str     0x0000000000004ad2      0x2d3 build/canard_stm32.o
                                        0xa53 (size before relaxing)
 .debug_str     0x0000000000004da5       0x25 build/startup_stm32f103xb.o
                                         0x4e (size before relaxing)

.comment        0x0000000000000000       0x7e
 .comment       0x0000000000000000       0x7e build/main.o
                                         0x7f (size before relaxing)
 .comment       0x000000000000007e       0x7f build/gpio.o
 .comment       0x000000000000007e       0x7f build/can.o
 .comment       0x000000000000007e       0x7f build/tim.o
 .comment       0x000000000000007e       0x7f build/usart.o
 .comment       0x000000000000007e       0x7f build/stm32f1xx_it.o
 .comment       0x000000000000007e       0x7f build/stm32f1xx_hal_msp.o
 .comment       0x000000000000007e       0x7f build/stm32f1xx_hal_can.o
 .comment       0x000000000000007e       0x7f build/stm32f1xx_hal_tim.o
 .comment       0x000000000000007e       0x7f build/stm32f1xx_hal_tim_ex.o
 .comment       0x000000000000007e       0x7f build/stm32f1xx_hal_uart.o
 .comment       0x000000000000007e       0x7f build/stm32f1xx_hal.o
 .comment       0x000000000000007e       0x7f build/stm32f1xx_hal_rcc.o
 .comment       0x000000000000007e       0x7f build/stm32f1xx_hal_gpio.o
 .comment       0x000000000000007e       0x7f build/stm32f1xx_hal_cortex.o
 .comment       0x000000000000007e       0x7f build/stm32f1xx_hal_flash.o
 .comment       0x000000000000007e       0x7f build/stm32f1xx_hal_flash_ex.o
 .comment       0x000000000000007e       0x7f build/system_stm32f1xx.o
 .comment       0x000000000000007e       0x7f build/uavcan.o
 .comment       0x000000000000007e       0x7f build/internalflash.o
 .comment       0x000000000000007e       0x7f build/canard.o
 .comment       0x000000000000007e       0x7f build/canard_stm32.o

.debug_frame    0x0000000000000000     0x364c
 .debug_frame   0x0000000000000000       0x5c build/main.o
 .debug_frame   0x000000000000005c       0x30 build/gpio.o
 .debug_frame   0x000000000000008c       0x68 build/can.o
 .debug_frame   0x00000000000000f4       0x74 build/tim.o
 .debug_frame   0x0000000000000168       0x68 build/usart.o
 .debug_frame   0x00000000000001d0       0xac build/stm32f1xx_it.o
 .debug_frame   0x000000000000027c       0x30 build/stm32f1xx_hal_msp.o
 .debug_frame   0x00000000000002ac      0x250 build/stm32f1xx_hal_can.o
 .debug_frame   0x00000000000004fc      0xb1c build/stm32f1xx_hal_tim.o
 .debug_frame   0x0000000000001018      0x3e4 build/stm32f1xx_hal_tim_ex.o
 .debug_frame   0x00000000000013fc      0x57c build/stm32f1xx_hal_uart.o
 .debug_frame   0x0000000000001978      0x1c0 build/stm32f1xx_hal.o
 .debug_frame   0x0000000000001b38      0x194 build/stm32f1xx_hal_rcc.o
 .debug_frame   0x0000000000001ccc       0xe8 build/stm32f1xx_hal_gpio.o
 .debug_frame   0x0000000000001db4      0x13c build/stm32f1xx_hal_cortex.o
 .debug_frame   0x0000000000001ef0      0x150 build/stm32f1xx_hal_flash.o
 .debug_frame   0x0000000000002040      0x1c8 build/stm32f1xx_hal_flash_ex.o
 .debug_frame   0x0000000000002208       0x30 build/system_stm32f1xx.o
 .debug_frame   0x0000000000002238      0x290 build/uavcan.o
 .debug_frame   0x00000000000024c8       0x70 build/internalflash.o
 .debug_frame   0x0000000000002538      0x564 build/canard.o
 .debug_frame   0x0000000000002a9c      0x184 build/canard_stm32.o
 .debug_frame   0x0000000000002c20       0x40 /usr/bin/gcc-arm-none-eabi-7-2017-q4-major/bin/../lib/gcc/arm-none-eabi/7.2.1/../../../../arm-none-eabi/lib/thumb/v7-m/libc_nano.a(lib_a-assert.o)
 .debug_frame   0x0000000000002c60       0x64 /usr/bin/gcc-arm-none-eabi-7-2017-q4-major/bin/../lib/gcc/arm-none-eabi/7.2.1/../../../../arm-none-eabi/lib/thumb/v7-m/libc_nano.a(lib_a-fprintf.o)
 .debug_frame   0x0000000000002cc4       0x2c /usr/bin/gcc-arm-none-eabi-7-2017-q4-major/bin/../lib/gcc/arm-none-eabi/7.2.1/../../../../arm-none-eabi/lib/thumb/v7-m/libc_nano.a(lib_a-init.o)
 .debug_frame   0x0000000000002cf0       0x28 /usr/bin/gcc-arm-none-eabi-7-2017-q4-major/bin/../lib/gcc/arm-none-eabi/7.2.1/../../../../arm-none-eabi/lib/thumb/v7-m/libc_nano.a(lib_a-memcpy-stub.o)
 .debug_frame   0x0000000000002d18       0x20 /usr/bin/gcc-arm-none-eabi-7-2017-q4-major/bin/../lib/gcc/arm-none-eabi/7.2.1/../../../../arm-none-eabi/lib/thumb/v7-m/libc_nano.a(lib_a-memset.o)
 .debug_frame   0x0000000000002d38       0xac /usr/bin/gcc-arm-none-eabi-7-2017-q4-major/bin/../lib/gcc/arm-none-eabi/7.2.1/../../../../arm-none-eabi/lib/thumb/v7-m/libc_nano.a(lib_a-nano-vfprintf.o)
 .debug_frame   0x0000000000002de4       0x60 /usr/bin/gcc-arm-none-eabi-7-2017-q4-major/bin/../lib/gcc/arm-none-eabi/7.2.1/../../../../arm-none-eabi/lib/thumb/v7-m/libc_nano.a(lib_a-nano-vfprintf_i.o)
 .debug_frame   0x0000000000002e44       0x28 /usr/bin/gcc-arm-none-eabi-7-2017-q4-major/bin/../lib/gcc/arm-none-eabi/7.2.1/../../../../arm-none-eabi/lib/thumb/v7-m/libc_nano.a(lib_a-strncmp.o)
 .debug_frame   0x0000000000002e6c       0x40 /usr/bin/gcc-arm-none-eabi-7-2017-q4-major/bin/../lib/gcc/arm-none-eabi/7.2.1/../../../../arm-none-eabi/lib/thumb/v7-m/libc_nano.a(lib_a-wbuf.o)
 .debug_frame   0x0000000000002eac       0x2c /usr/bin/gcc-arm-none-eabi-7-2017-q4-major/bin/../lib/gcc/arm-none-eabi/7.2.1/../../../../arm-none-eabi/lib/thumb/v7-m/libc_nano.a(lib_a-wsetup.o)
 .debug_frame   0x0000000000002ed8       0x28 /usr/bin/gcc-arm-none-eabi-7-2017-q4-major/bin/../lib/gcc/arm-none-eabi/7.2.1/../../../../arm-none-eabi/lib/thumb/v7-m/libc_nano.a(lib_a-abort.o)
 .debug_frame   0x0000000000002f00       0x68 /usr/bin/gcc-arm-none-eabi-7-2017-q4-major/bin/../lib/gcc/arm-none-eabi/7.2.1/../../../../arm-none-eabi/lib/thumb/v7-m/libc_nano.a(lib_a-fflush.o)
 .debug_frame   0x0000000000002f68      0x11c /usr/bin/gcc-arm-none-eabi-7-2017-q4-major/bin/../lib/gcc/arm-none-eabi/7.2.1/../../../../arm-none-eabi/lib/thumb/v7-m/libc_nano.a(lib_a-findfp.o)
 .debug_frame   0x0000000000003084       0x54 /usr/bin/gcc-arm-none-eabi-7-2017-q4-major/bin/../lib/gcc/arm-none-eabi/7.2.1/../../../../arm-none-eabi/lib/thumb/v7-m/libc_nano.a(lib_a-fwalk.o)
 .debug_frame   0x00000000000030d8       0x58 /usr/bin/gcc-arm-none-eabi-7-2017-q4-major/bin/../lib/gcc/arm-none-eabi/7.2.1/../../../../arm-none-eabi/lib/thumb/v7-m/libc_nano.a(lib_a-makebuf.o)
 .debug_frame   0x0000000000003130       0x28 /usr/bin/gcc-arm-none-eabi-7-2017-q4-major/bin/../lib/gcc/arm-none-eabi/7.2.1/../../../../arm-none-eabi/lib/thumb/v7-m/libc_nano.a(lib_a-memchr-stub.o)
 .debug_frame   0x0000000000003158       0x38 /usr/bin/gcc-arm-none-eabi-7-2017-q4-major/bin/../lib/gcc/arm-none-eabi/7.2.1/../../../../arm-none-eabi/lib/thumb/v7-m/libc_nano.a(lib_a-nano-freer.o)
 .debug_frame   0x0000000000003190       0x2c /usr/bin/gcc-arm-none-eabi-7-2017-q4-major/bin/../lib/gcc/arm-none-eabi/7.2.1/../../../../arm-none-eabi/lib/thumb/v7-m/libc_nano.a(lib_a-nano-mallocr.o)
 .debug_frame   0x00000000000031bc       0x2c /usr/bin/gcc-arm-none-eabi-7-2017-q4-major/bin/../lib/gcc/arm-none-eabi/7.2.1/../../../../arm-none-eabi/lib/thumb/v7-m/libc_nano.a(lib_a-sbrkr.o)
 .debug_frame   0x00000000000031e8       0xcc /usr/bin/gcc-arm-none-eabi-7-2017-q4-major/bin/../lib/gcc/arm-none-eabi/7.2.1/../../../../arm-none-eabi/lib/thumb/v7-m/libc_nano.a(lib_a-signal.o)
 .debug_frame   0x00000000000032b4       0x3c /usr/bin/gcc-arm-none-eabi-7-2017-q4-major/bin/../lib/gcc/arm-none-eabi/7.2.1/../../../../arm-none-eabi/lib/thumb/v7-m/libc_nano.a(lib_a-signalr.o)
 .debug_frame   0x00000000000032f0       0x88 /usr/bin/gcc-arm-none-eabi-7-2017-q4-major/bin/../lib/gcc/arm-none-eabi/7.2.1/../../../../arm-none-eabi/lib/thumb/v7-m/libc_nano.a(lib_a-stdio.o)
 .debug_frame   0x0000000000003378       0x2c /usr/bin/gcc-arm-none-eabi-7-2017-q4-major/bin/../lib/gcc/arm-none-eabi/7.2.1/../../../../arm-none-eabi/lib/thumb/v7-m/libc_nano.a(lib_a-writer.o)
 .debug_frame   0x00000000000033a4       0x2c /usr/bin/gcc-arm-none-eabi-7-2017-q4-major/bin/../lib/gcc/arm-none-eabi/7.2.1/../../../../arm-none-eabi/lib/thumb/v7-m/libc_nano.a(lib_a-closer.o)
 .debug_frame   0x00000000000033d0       0x2c /usr/bin/gcc-arm-none-eabi-7-2017-q4-major/bin/../lib/gcc/arm-none-eabi/7.2.1/../../../../arm-none-eabi/lib/thumb/v7-m/libc_nano.a(lib_a-fstatr.o)
 .debug_frame   0x00000000000033fc       0x2c /usr/bin/gcc-arm-none-eabi-7-2017-q4-major/bin/../lib/gcc/arm-none-eabi/7.2.1/../../../../arm-none-eabi/lib/thumb/v7-m/libc_nano.a(lib_a-isattyr.o)
 .debug_frame   0x0000000000003428       0x2c /usr/bin/gcc-arm-none-eabi-7-2017-q4-major/bin/../lib/gcc/arm-none-eabi/7.2.1/../../../../arm-none-eabi/lib/thumb/v7-m/libc_nano.a(lib_a-lseekr.o)
 .debug_frame   0x0000000000003454       0x30 /usr/bin/gcc-arm-none-eabi-7-2017-q4-major/bin/../lib/gcc/arm-none-eabi/7.2.1/../../../../arm-none-eabi/lib/thumb/v7-m/libc_nano.a(lib_a-mlock.o)
 .debug_frame   0x0000000000003484       0x2c /usr/bin/gcc-arm-none-eabi-7-2017-q4-major/bin/../lib/gcc/arm-none-eabi/7.2.1/../../../../arm-none-eabi/lib/thumb/v7-m/libc_nano.a(lib_a-readr.o)
 .debug_frame   0x00000000000034b0       0x5c /usr/bin/gcc-arm-none-eabi-7-2017-q4-major/bin/../lib/gcc/arm-none-eabi/7.2.1/../../../../arm-none-eabi/lib/thumb/v7-m/libc_nano.a(lib_a-reent.o)
 .debug_frame   0x000000000000350c       0x20 /usr/bin/gcc-arm-none-eabi-7-2017-q4-major/bin/../lib/gcc/arm-none-eabi/7.2.1/../../../../arm-none-eabi/lib/thumb/v7-m/libnosys.a(close.o)
 .debug_frame   0x000000000000352c       0x20 /usr/bin/gcc-arm-none-eabi-7-2017-q4-major/bin/../lib/gcc/arm-none-eabi/7.2.1/../../../../arm-none-eabi/lib/thumb/v7-m/libnosys.a(fstat.o)
 .debug_frame   0x000000000000354c       0x20 /usr/bin/gcc-arm-none-eabi-7-2017-q4-major/bin/../lib/gcc/arm-none-eabi/7.2.1/../../../../arm-none-eabi/lib/thumb/v7-m/libnosys.a(getpid.o)
 .debug_frame   0x000000000000356c       0x20 /usr/bin/gcc-arm-none-eabi-7-2017-q4-major/bin/../lib/gcc/arm-none-eabi/7.2.1/../../../../arm-none-eabi/lib/thumb/v7-m/libnosys.a(isatty.o)
 .debug_frame   0x000000000000358c       0x20 /usr/bin/gcc-arm-none-eabi-7-2017-q4-major/bin/../lib/gcc/arm-none-eabi/7.2.1/../../../../arm-none-eabi/lib/thumb/v7-m/libnosys.a(kill.o)
 .debug_frame   0x00000000000035ac       0x20 /usr/bin/gcc-arm-none-eabi-7-2017-q4-major/bin/../lib/gcc/arm-none-eabi/7.2.1/../../../../arm-none-eabi/lib/thumb/v7-m/libnosys.a(lseek.o)
 .debug_frame   0x00000000000035cc       0x20 /usr/bin/gcc-arm-none-eabi-7-2017-q4-major/bin/../lib/gcc/arm-none-eabi/7.2.1/../../../../arm-none-eabi/lib/thumb/v7-m/libnosys.a(read.o)
 .debug_frame   0x00000000000035ec       0x20 /usr/bin/gcc-arm-none-eabi-7-2017-q4-major/bin/../lib/gcc/arm-none-eabi/7.2.1/../../../../arm-none-eabi/lib/thumb/v7-m/libnosys.a(sbrk.o)
 .debug_frame   0x000000000000360c       0x20 /usr/bin/gcc-arm-none-eabi-7-2017-q4-major/bin/../lib/gcc/arm-none-eabi/7.2.1/../../../../arm-none-eabi/lib/thumb/v7-m/libnosys.a(write.o)
 .debug_frame   0x000000000000362c       0x20 /usr/bin/gcc-arm-none-eabi-7-2017-q4-major/bin/../lib/gcc/arm-none-eabi/7.2.1/../../../../arm-none-eabi/lib/thumb/v7-m/libnosys.a(_exit.o)

.stab           0x0000000000000000       0xcc
 .stab          0x0000000000000000       0x24 /usr/bin/gcc-arm-none-eabi-7-2017-q4-major/bin/../lib/gcc/arm-none-eabi/7.2.1/../../../../arm-none-eabi/lib/thumb/v7-m/libnosys.a(close.o)
 .stab          0x0000000000000024       0x18 /usr/bin/gcc-arm-none-eabi-7-2017-q4-major/bin/../lib/gcc/arm-none-eabi/7.2.1/../../../../arm-none-eabi/lib/thumb/v7-m/libnosys.a(fstat.o)
                                         0x24 (size before relaxing)
 .stab          0x000000000000003c       0x18 /usr/bin/gcc-arm-none-eabi-7-2017-q4-major/bin/../lib/gcc/arm-none-eabi/7.2.1/../../../../arm-none-eabi/lib/thumb/v7-m/libnosys.a(getpid.o)
                                         0x24 (size before relaxing)
 .stab          0x0000000000000054       0x18 /usr/bin/gcc-arm-none-eabi-7-2017-q4-major/bin/../lib/gcc/arm-none-eabi/7.2.1/../../../../arm-none-eabi/lib/thumb/v7-m/libnosys.a(isatty.o)
                                         0x24 (size before relaxing)
 .stab          0x000000000000006c       0x18 /usr/bin/gcc-arm-none-eabi-7-2017-q4-major/bin/../lib/gcc/arm-none-eabi/7.2.1/../../../../arm-none-eabi/lib/thumb/v7-m/libnosys.a(kill.o)
                                         0x24 (size before relaxing)
 .stab          0x0000000000000084       0x18 /usr/bin/gcc-arm-none-eabi-7-2017-q4-major/bin/../lib/gcc/arm-none-eabi/7.2.1/../../../../arm-none-eabi/lib/thumb/v7-m/libnosys.a(lseek.o)
                                         0x24 (size before relaxing)
 .stab          0x000000000000009c       0x18 /usr/bin/gcc-arm-none-eabi-7-2017-q4-major/bin/../lib/gcc/arm-none-eabi/7.2.1/../../../../arm-none-eabi/lib/thumb/v7-m/libnosys.a(read.o)
                                         0x24 (size before relaxing)
 .stab          0x00000000000000b4       0x18 /usr/bin/gcc-arm-none-eabi-7-2017-q4-major/bin/../lib/gcc/arm-none-eabi/7.2.1/../../../../arm-none-eabi/lib/thumb/v7-m/libnosys.a(write.o)
                                         0x24 (size before relaxing)

.stabstr        0x0000000000000000      0x1b9